Archive member included to satisfy reference by file (symbol)

../final_proj_bsp/\libhal_bsp.a(alt_load.o)
                              ../final_proj_bsp//obj/HAL/src/crt0.o (alt_load)
../final_proj_bsp/\libhal_bsp.a(alt_main.o)
                              ../final_proj_bsp//obj/HAL/src/crt0.o (alt_main)
../final_proj_bsp/\libhal_bsp.a(alt_sys_init.o)
                              ../final_proj_bsp/\libhal_bsp.a(alt_main.o) (alt_irq_init)
../final_proj_bsp/\libhal_bsp.a(altera_avalon_jtag_uart_fd.o)
                              ../final_proj_bsp/\libhal_bsp.a(alt_sys_init.o) (altera_avalon_jtag_uart_read_fd)
../final_proj_bsp/\libhal_bsp.a(altera_avalon_jtag_uart_init.o)
                              ../final_proj_bsp/\libhal_bsp.a(alt_sys_init.o) (altera_avalon_jtag_uart_init)
../final_proj_bsp/\libhal_bsp.a(altera_avalon_jtag_uart_ioctl.o)
                              ../final_proj_bsp/\libhal_bsp.a(altera_avalon_jtag_uart_fd.o) (altera_avalon_jtag_uart_ioctl)
../final_proj_bsp/\libhal_bsp.a(altera_avalon_jtag_uart_read.o)
                              ../final_proj_bsp/\libhal_bsp.a(altera_avalon_jtag_uart_fd.o) (altera_avalon_jtag_uart_read)
../final_proj_bsp/\libhal_bsp.a(altera_avalon_jtag_uart_write.o)
                              ../final_proj_bsp/\libhal_bsp.a(altera_avalon_jtag_uart_fd.o) (altera_avalon_jtag_uart_write)
../final_proj_bsp/\libhal_bsp.a(altera_avalon_timer_sc.o)
                              ../final_proj_bsp/\libhal_bsp.a(alt_sys_init.o) (alt_avalon_timer_sc_init)
../final_proj_bsp/\libhal_bsp.a(alt_alarm_start.o)
                              ../final_proj_bsp/\libhal_bsp.a(altera_avalon_jtag_uart_init.o) (alt_alarm_start)
../final_proj_bsp/\libhal_bsp.a(alt_close.o)
                              ../final_proj_bsp/\libhal_bsp.a(alt_main.o) (close)
../final_proj_bsp/\libhal_bsp.a(alt_dcache_flush_all.o)
                              ../final_proj_bsp/\libhal_bsp.a(alt_load.o) (alt_dcache_flush_all)
../final_proj_bsp/\libhal_bsp.a(alt_dev.o)
                              ../final_proj_bsp/\libhal_bsp.a(alt_sys_init.o) (alt_dev_list)
../final_proj_bsp/\libhal_bsp.a(alt_dev_llist_insert.o)
                              ../final_proj_bsp/\libhal_bsp.a(alt_sys_init.o) (alt_dev_llist_insert)
../final_proj_bsp/\libhal_bsp.a(alt_do_ctors.o)
                              ../final_proj_bsp/\libhal_bsp.a(alt_main.o) (_do_ctors)
../final_proj_bsp/\libhal_bsp.a(alt_do_dtors.o)
                              ../final_proj_bsp/\libhal_bsp.a(alt_main.o) (_do_dtors)
../final_proj_bsp/\libhal_bsp.a(alt_errno.o)
                              ../final_proj_bsp/\libhal_bsp.a(alt_close.o) (alt_errno)
../final_proj_bsp/\libhal_bsp.a(alt_icache_flush_all.o)
                              ../final_proj_bsp/\libhal_bsp.a(alt_load.o) (alt_icache_flush_all)
../final_proj_bsp/\libhal_bsp.a(alt_iic.o)
                              ../final_proj_bsp/\libhal_bsp.a(altera_avalon_jtag_uart_init.o) (alt_ic_isr_register)
../final_proj_bsp/\libhal_bsp.a(alt_iic_isr_register.o)
                              ../final_proj_bsp/\libhal_bsp.a(alt_iic.o) (alt_iic_isr_register)
../final_proj_bsp/\libhal_bsp.a(alt_io_redirect.o)
                              ../final_proj_bsp/\libhal_bsp.a(alt_main.o) (alt_io_redirect)
../final_proj_bsp/\libhal_bsp.a(alt_irq_entry.o)
                              ../final_proj_bsp/\libhal_bsp.a(alt_iic_isr_register.o) (alt_irq_entry)
../final_proj_bsp/\libhal_bsp.a(alt_irq_handler.o)
                              ../final_proj_bsp/\libhal_bsp.a(alt_iic_isr_register.o) (alt_irq)
../final_proj_bsp/\libhal_bsp.a(alt_irq_vars.o)
                              ../final_proj_bsp/\libhal_bsp.a(alt_iic.o) (alt_irq_active)
../final_proj_bsp/\libhal_bsp.a(alt_open.o)
                              ../final_proj_bsp/\libhal_bsp.a(alt_io_redirect.o) (open)
../final_proj_bsp/\libhal_bsp.a(alt_release_fd.o)
                              ../final_proj_bsp/\libhal_bsp.a(alt_close.o) (alt_release_fd)
../final_proj_bsp/\libhal_bsp.a(alt_tick.o)
                              ../final_proj_bsp/\libhal_bsp.a(altera_avalon_jtag_uart_init.o) (_alt_tick_rate)
../final_proj_bsp/\libhal_bsp.a(altera_nios2_gen2_irq.o)
                              ../final_proj_bsp/\libhal_bsp.a(alt_sys_init.o) (altera_nios2_gen2_irq_init)
../final_proj_bsp/\libhal_bsp.a(alt_exception_entry.o)
                              ../final_proj_bsp/\libhal_bsp.a(alt_irq_entry.o) (alt_exception)
../final_proj_bsp/\libhal_bsp.a(alt_find_dev.o)
                              ../final_proj_bsp/\libhal_bsp.a(alt_open.o) (alt_find_dev)
../final_proj_bsp/\libhal_bsp.a(alt_find_file.o)
                              ../final_proj_bsp/\libhal_bsp.a(alt_open.o) (alt_find_file)
../final_proj_bsp/\libhal_bsp.a(alt_get_fd.o)
                              ../final_proj_bsp/\libhal_bsp.a(alt_open.o) (alt_get_fd)
../final_proj_bsp/\libhal_bsp.a(alt_instruction_exception_entry.o)
                              ../final_proj_bsp/\libhal_bsp.a(alt_exception_entry.o) (alt_instruction_exception_entry)
c:/intelfpga_lite/18.1/nios2eds/bin/gnu/h-x86_64-mingw32/bin/../lib/gcc/nios2-elf/5.3.0/../../../../../H-x86_64-mingw32/nios2-elf/lib/mno-hw-mul\libc.a(lib_a-atexit.o)
                              ../final_proj_bsp/\libhal_bsp.a(alt_main.o) (atexit)
c:/intelfpga_lite/18.1/nios2eds/bin/gnu/h-x86_64-mingw32/bin/../lib/gcc/nios2-elf/5.3.0/../../../../../H-x86_64-mingw32/nios2-elf/lib/mno-hw-mul\libc.a(lib_a-exit.o)
                              ../final_proj_bsp/\libhal_bsp.a(alt_main.o) (exit)
c:/intelfpga_lite/18.1/nios2eds/bin/gnu/h-x86_64-mingw32/bin/../lib/gcc/nios2-elf/5.3.0/../../../../../H-x86_64-mingw32/nios2-elf/lib/mno-hw-mul\libc.a(lib_a-impure.o)
                              c:/intelfpga_lite/18.1/nios2eds/bin/gnu/h-x86_64-mingw32/bin/../lib/gcc/nios2-elf/5.3.0/../../../../../H-x86_64-mingw32/nios2-elf/lib/mno-hw-mul\libc.a(lib_a-exit.o) (_global_impure_ptr)
c:/intelfpga_lite/18.1/nios2eds/bin/gnu/h-x86_64-mingw32/bin/../lib/gcc/nios2-elf/5.3.0/../../../../../H-x86_64-mingw32/nios2-elf/lib/mno-hw-mul\libc.a(lib_a-int_errno.o)
                              ../final_proj_bsp/\libhal_bsp.a(alt_close.o) (errno)
c:/intelfpga_lite/18.1/nios2eds/bin/gnu/h-x86_64-mingw32/bin/../lib/gcc/nios2-elf/5.3.0/../../../../../H-x86_64-mingw32/nios2-elf/lib/mno-hw-mul\libc.a(lib_a-memcmp.o)
                              ../final_proj_bsp/\libhal_bsp.a(alt_find_dev.o) (memcmp)
c:/intelfpga_lite/18.1/nios2eds/bin/gnu/h-x86_64-mingw32/bin/../lib/gcc/nios2-elf/5.3.0/../../../../../H-x86_64-mingw32/nios2-elf/lib/mno-hw-mul\libc.a(lib_a-memcpy.o)
                              ../final_proj_bsp/\libhal_bsp.a(altera_avalon_jtag_uart_read.o) (memcpy)
c:/intelfpga_lite/18.1/nios2eds/bin/gnu/h-x86_64-mingw32/bin/../lib/gcc/nios2-elf/5.3.0/../../../../../H-x86_64-mingw32/nios2-elf/lib/mno-hw-mul\libc.a(lib_a-strlen.o)
                              ../final_proj_bsp/\libhal_bsp.a(alt_find_dev.o) (strlen)
c:/intelfpga_lite/18.1/nios2eds/bin/gnu/h-x86_64-mingw32/bin/../lib/gcc/nios2-elf/5.3.0/../../../../../H-x86_64-mingw32/nios2-elf/lib/mno-hw-mul\libc.a(lib_a-__atexit.o)
                              c:/intelfpga_lite/18.1/nios2eds/bin/gnu/h-x86_64-mingw32/bin/../lib/gcc/nios2-elf/5.3.0/../../../../../H-x86_64-mingw32/nios2-elf/lib/mno-hw-mul\libc.a(lib_a-atexit.o) (__register_exitproc)
c:/intelfpga_lite/18.1/nios2eds/bin/gnu/h-x86_64-mingw32/bin/../lib/gcc/nios2-elf/5.3.0/../../../../../H-x86_64-mingw32/nios2-elf/lib/mno-hw-mul\libc.a(lib_a-__call_atexit.o)
                              c:/intelfpga_lite/18.1/nios2eds/bin/gnu/h-x86_64-mingw32/bin/../lib/gcc/nios2-elf/5.3.0/../../../../../H-x86_64-mingw32/nios2-elf/lib/mno-hw-mul\libc.a(lib_a-exit.o) (__call_exitprocs)
c:/intelfpga_lite/18.1/nios2eds/bin/gnu/h-x86_64-mingw32/bin/../lib/gcc/nios2-elf/5.3.0/mno-hw-mul\libgcc.a(lib2-mul.o)
                              ../final_proj_bsp/\libhal_bsp.a(alt_close.o) (__mulsi3)
../final_proj_bsp/\libhal_bsp.a(alt_exit.o)
                              c:/intelfpga_lite/18.1/nios2eds/bin/gnu/h-x86_64-mingw32/bin/../lib/gcc/nios2-elf/5.3.0/../../../../../H-x86_64-mingw32/nios2-elf/lib/mno-hw-mul\libc.a(lib_a-exit.o) (_exit)

Allocating common symbols
Common symbol       size              file

alt_irq             0x100             ../final_proj_bsp/\libhal_bsp.a(alt_irq_handler.o)
errno               0x4               c:/intelfpga_lite/18.1/nios2eds/bin/gnu/h-x86_64-mingw32/bin/../lib/gcc/nios2-elf/5.3.0/../../../../../H-x86_64-mingw32/nios2-elf/lib/mno-hw-mul\libc.a(lib_a-int_errno.o)

Memory Configuration

Name             Origin             Length             Attributes
onchip_memory2_0 0x0000000000000000 0x0000000000000010
reset            0x0000000008000000 0x0000000000000020
sdram            0x0000000008000020 0x0000000003ffffe0
*default*        0x0000000000000000 0xffffffffffffffff

Linker script and memory map

LOAD ../final_proj_bsp//obj/HAL/src/crt0.o
LOAD c:/intelfpga_lite/18.1/nios2eds/bin/gnu/h-x86_64-mingw32/bin/../lib/gcc/nios2-elf/5.3.0/../../../../../H-x86_64-mingw32/nios2-elf/lib/mno-hw-mul\libstdc++.a
LOAD c:/intelfpga_lite/18.1/nios2eds/bin/gnu/h-x86_64-mingw32/bin/../lib/gcc/nios2-elf/5.3.0/../../../../../H-x86_64-mingw32/nios2-elf/lib/mno-hw-mul\libm.a
LOAD c:/intelfpga_lite/18.1/nios2eds/bin/gnu/h-x86_64-mingw32/bin/../lib/gcc/nios2-elf/5.3.0/mno-hw-mul\libgcc.a
START GROUP
LOAD c:/intelfpga_lite/18.1/nios2eds/bin/gnu/h-x86_64-mingw32/bin/../lib/gcc/nios2-elf/5.3.0/../../../../../H-x86_64-mingw32/nios2-elf/lib/mno-hw-mul\libc.a
LOAD c:/intelfpga_lite/18.1/nios2eds/bin/gnu/h-x86_64-mingw32/bin/../lib/gcc/nios2-elf/5.3.0/mno-hw-mul\libgcc.a
LOAD ../final_proj_bsp/\libhal_bsp.a
LOAD c:/intelfpga_lite/18.1/nios2eds/bin/gnu/h-x86_64-mingw32/bin/../lib/gcc/nios2-elf/5.3.0/../../../../../H-x86_64-mingw32/nios2-elf/lib/mno-hw-mul\libm.a
END GROUP
LOAD c:/intelfpga_lite/18.1/nios2eds/bin/gnu/h-x86_64-mingw32/bin/../lib/gcc/nios2-elf/5.3.0/mno-hw-mul\libgcc.a
                0x0000000000000000                __alt_mem_onchip_memory2_0 = 0x0
                0x0000000008000000                __alt_mem_sdram = 0x8000000

.entry          0x0000000008000000       0x20
 *(.entry)
 .entry         0x0000000008000000       0x20 ../final_proj_bsp//obj/HAL/src/crt0.o
                0x0000000008000000                __reset

.exceptions     0x0000000008000020      0x210
                0x0000000008000020                PROVIDE (__ram_exceptions_start, ABSOLUTE (.))
                0x0000000008000020                . = ALIGN (0x20)
 *(.irq)
 *(.exceptions.entry.label)
 .exceptions.entry.label
                0x0000000008000020        0x0 ../final_proj_bsp/\libhal_bsp.a(alt_irq_entry.o)
                0x0000000008000020                alt_irq_entry
 .exceptions.entry.label
                0x0000000008000020        0x0 ../final_proj_bsp/\libhal_bsp.a(alt_exception_entry.o)
                0x0000000008000020                alt_exception
 *(.exceptions.entry.user)
 *(.exceptions.entry.ecc_fatal)
 *(.exceptions.entry)
 .exceptions.entry
                0x0000000008000020       0x54 ../final_proj_bsp/\libhal_bsp.a(alt_exception_entry.o)
 *(.exceptions.irqtest.user)
 *(.exceptions.irqtest)
 .exceptions.irqtest
                0x0000000008000074       0x10 ../final_proj_bsp/\libhal_bsp.a(alt_irq_entry.o)
 *(.exceptions.irqhandler.user)
 *(.exceptions.irqhandler)
 .exceptions.irqhandler
                0x0000000008000084        0x4 ../final_proj_bsp/\libhal_bsp.a(alt_irq_entry.o)
 *(.exceptions.irqreturn.user)
 *(.exceptions.irqreturn)
 .exceptions.irqreturn
                0x0000000008000088        0x4 ../final_proj_bsp/\libhal_bsp.a(alt_irq_entry.o)
 *(.exceptions.notirq.label)
 .exceptions.notirq.label
                0x000000000800008c        0x0 ../final_proj_bsp/\libhal_bsp.a(alt_irq_entry.o)
 *(.exceptions.notirq.user)
 *(.exceptions.notirq)
 .exceptions.notirq
                0x000000000800008c        0x8 ../final_proj_bsp/\libhal_bsp.a(alt_exception_entry.o)
 *(.exceptions.soft.user)
 *(.exceptions.soft)
 *(.exceptions.unknown.user)
 *(.exceptions.unknown)
 .exceptions.unknown
                0x0000000008000094       0x14 ../final_proj_bsp/\libhal_bsp.a(alt_exception_entry.o)
 *(.exceptions.exit.label)
 .exceptions.exit.label
                0x00000000080000a8        0x0 ../final_proj_bsp/\libhal_bsp.a(alt_irq_entry.o)
 .exceptions.exit.label
                0x00000000080000a8        0x0 ../final_proj_bsp/\libhal_bsp.a(alt_exception_entry.o)
 *(.exceptions.exit.user)
 *(.exceptions.exit)
 .exceptions.exit
                0x00000000080000a8       0x54 ../final_proj_bsp/\libhal_bsp.a(alt_exception_entry.o)
 *(.exceptions)
 .exceptions    0x00000000080000fc       0xd4 ../final_proj_bsp/\libhal_bsp.a(alt_irq_handler.o)
                0x00000000080000fc                alt_irq_handler
 .exceptions    0x00000000080001d0       0x60 ../final_proj_bsp/\libhal_bsp.a(alt_instruction_exception_entry.o)
                0x00000000080001d0                alt_instruction_exception_entry
                0x0000000008000230                PROVIDE (__ram_exceptions_end, ABSOLUTE (.))
                0x0000000008000020                PROVIDE (__flash_exceptions_start, LOADADDR (.exceptions))

.text           0x0000000008000230     0x2380
                [!provide]                        PROVIDE (stext, ABSOLUTE (.))
 *(.interp)
 *(.hash)
 *(.dynsym)
 *(.dynstr)
 *(.gnu.version)
 *(.gnu.version_d)
 *(.gnu.version_r)
 *(.rel.init)
 *(.rela.init)
 *(.rel.text .rel.text.* .rel.gnu.linkonce.t.*)
 *(.rela.text .rela.text.* .rela.gnu.linkonce.t.*)
 *(.rel.fini)
 *(.rela.fini)
 *(.rel.rodata .rel.rodata.* .rel.gnu.linkonce.r.*)
 *(.rela.rodata .rela.rodata.* .rela.gnu.linkonce.r.*)
 *(.rel.data .rel.data.* .rel.gnu.linkonce.d.*)
 *(.rela.data .rela.data.* .rela.gnu.linkonce.d.*)
 *(.rel.tdata .rel.tdata.* .rel.gnu.linkonce.td.*)
 *(.rela.tdata .rela.tdata.* .rela.gnu.linkonce.td.*)
 *(.rel.tbss .rel.tbss.* .rel.gnu.linkonce.tb.*)
 *(.rela.tbss .rela.tbss.* .rela.gnu.linkonce.tb.*)
 *(.rel.ctors)
 *(.rela.ctors)
 *(.rel.dtors)
 *(.rela.dtors)
 *(.rel.got)
 *(.rela.got)
 *(.rel.sdata .rel.sdata.* .rel.gnu.linkonce.s.*)
 *(.rela.sdata .rela.sdata.* .rela.gnu.linkonce.s.*)
 *(.rel.sbss .rel.sbss.* .rel.gnu.linkonce.sb.*)
 *(.rela.sbss .rela.sbss.* .rela.gnu.linkonce.sb.*)
 *(.rel.sdata2 .rel.sdata2.* .rel.gnu.linkonce.s2.*)
 *(.rela.sdata2 .rela.sdata2.* .rela.gnu.linkonce.s2.*)
 *(.rel.sbss2 .rel.sbss2.* .rel.gnu.linkonce.sb2.*)
 *(.rela.sbss2 .rela.sbss2.* .rela.gnu.linkonce.sb2.*)
 *(.rel.bss .rel.bss.* .rel.gnu.linkonce.b.*)
 *(.rela.bss .rela.bss.* .rela.gnu.linkonce.b.*)
 *(.rel.plt)
 *(.rela.plt)
 *(.rel.dyn)
 *(.init)
 *(.plt)
 *(.text .stub .text.* .gnu.linkonce.t.*)
 .text          0x0000000008000230       0x3c ../final_proj_bsp//obj/HAL/src/crt0.o
                0x0000000008000230                _start
 .text          0x000000000800026c       0xec ../final_proj_bsp/\libhal_bsp.a(alt_load.o)
                0x00000000080002d4                alt_load
 .text          0x0000000008000358       0x7c ../final_proj_bsp/\libhal_bsp.a(alt_main.o)
                0x0000000008000358                alt_main
 .text          0x00000000080003d4       0xd0 ../final_proj_bsp/\libhal_bsp.a(alt_sys_init.o)
                0x0000000008000408                alt_irq_init
                0x0000000008000440                alt_sys_init
 .text          0x00000000080004a4      0x164 ../final_proj_bsp/\libhal_bsp.a(altera_avalon_jtag_uart_fd.o)
                0x00000000080004a4                altera_avalon_jtag_uart_read_fd
                0x0000000008000504                altera_avalon_jtag_uart_write_fd
                0x0000000008000564                altera_avalon_jtag_uart_close_fd
                0x00000000080005b4                altera_avalon_jtag_uart_ioctl_fd
 .text          0x0000000008000608      0x3d4 ../final_proj_bsp/\libhal_bsp.a(altera_avalon_jtag_uart_init.o)
                0x0000000008000608                altera_avalon_jtag_uart_init
                0x0000000008000974                altera_avalon_jtag_uart_close
 .text          0x00000000080009dc       0xf0 ../final_proj_bsp/\libhal_bsp.a(altera_avalon_jtag_uart_ioctl.o)
                0x00000000080009dc                altera_avalon_jtag_uart_ioctl
 .text          0x0000000008000acc      0x21c ../final_proj_bsp/\libhal_bsp.a(altera_avalon_jtag_uart_read.o)
                0x0000000008000acc                altera_avalon_jtag_uart_read
 .text          0x0000000008000ce8      0x224 ../final_proj_bsp/\libhal_bsp.a(altera_avalon_jtag_uart_write.o)
                0x0000000008000ce8                altera_avalon_jtag_uart_write
 .text          0x0000000008000f0c       0xf4 ../final_proj_bsp/\libhal_bsp.a(altera_avalon_timer_sc.o)
                0x0000000008000f84                alt_avalon_timer_sc_init
 .text          0x0000000008001000      0x12c ../final_proj_bsp/\libhal_bsp.a(alt_alarm_start.o)
                0x0000000008001000                alt_alarm_start
 .text          0x000000000800112c      0x114 ../final_proj_bsp/\libhal_bsp.a(alt_close.o)
                0x0000000008001168                close
 .text          0x0000000008001240       0x20 ../final_proj_bsp/\libhal_bsp.a(alt_dcache_flush_all.o)
                0x0000000008001240                alt_dcache_flush_all
 .text          0x0000000008001260       0x2c ../final_proj_bsp/\libhal_bsp.a(alt_dev.o)
 .text          0x000000000800128c       0xe0 ../final_proj_bsp/\libhal_bsp.a(alt_dev_llist_insert.o)
                0x00000000080012c8                alt_dev_llist_insert
 .text          0x000000000800136c       0x60 ../final_proj_bsp/\libhal_bsp.a(alt_do_ctors.o)
                0x000000000800136c                _do_ctors
 .text          0x00000000080013cc       0x60 ../final_proj_bsp/\libhal_bsp.a(alt_do_dtors.o)
                0x00000000080013cc                _do_dtors
 .text          0x000000000800142c        0x0 ../final_proj_bsp/\libhal_bsp.a(alt_errno.o)
 .text          0x000000000800142c       0x20 ../final_proj_bsp/\libhal_bsp.a(alt_icache_flush_all.o)
                0x000000000800142c                alt_icache_flush_all
 .text          0x000000000800144c      0x1b0 ../final_proj_bsp/\libhal_bsp.a(alt_iic.o)
                0x000000000800144c                alt_ic_isr_register
                0x000000000800149c                alt_ic_irq_enable
                0x0000000008001524                alt_ic_irq_disable
                0x00000000080015b0                alt_ic_irq_enabled
 .text          0x00000000080015fc       0xf0 ../final_proj_bsp/\libhal_bsp.a(alt_iic_isr_register.o)
                0x00000000080015fc                alt_iic_isr_register
 .text          0x00000000080016ec      0x160 ../final_proj_bsp/\libhal_bsp.a(alt_io_redirect.o)
                0x00000000080017d0                alt_io_redirect
 .text          0x000000000800184c        0x0 ../final_proj_bsp/\libhal_bsp.a(alt_irq_entry.o)
 .text          0x000000000800184c        0x0 ../final_proj_bsp/\libhal_bsp.a(alt_irq_handler.o)
 .text          0x000000000800184c        0x0 ../final_proj_bsp/\libhal_bsp.a(alt_irq_vars.o)
 .text          0x000000000800184c      0x284 ../final_proj_bsp/\libhal_bsp.a(alt_open.o)
                0x0000000008001974                open
 .text          0x0000000008001ad0       0x84 ../final_proj_bsp/\libhal_bsp.a(alt_release_fd.o)
                0x0000000008001ad0                alt_release_fd
 .text          0x0000000008001b54      0x1a4 ../final_proj_bsp/\libhal_bsp.a(alt_tick.o)
                0x0000000008001b54                alt_alarm_stop
                0x0000000008001bf0                alt_tick
 .text          0x0000000008001cf8       0x24 ../final_proj_bsp/\libhal_bsp.a(altera_nios2_gen2_irq.o)
                0x0000000008001cf8                altera_nios2_gen2_irq_init
 .text          0x0000000008001d1c        0x0 ../final_proj_bsp/\libhal_bsp.a(alt_exception_entry.o)
 .text          0x0000000008001d1c       0x90 ../final_proj_bsp/\libhal_bsp.a(alt_find_dev.o)
                0x0000000008001d1c                alt_find_dev
 .text          0x0000000008001dac      0x108 ../final_proj_bsp/\libhal_bsp.a(alt_find_file.o)
                0x0000000008001dac                alt_find_file
 .text          0x0000000008001eb4       0xc4 ../final_proj_bsp/\libhal_bsp.a(alt_get_fd.o)
                0x0000000008001eb4                alt_get_fd
 .text          0x0000000008001f78       0x9c ../final_proj_bsp/\libhal_bsp.a(alt_instruction_exception_entry.o)
                0x0000000008001f78                alt_exception_cause_generated_bad_addr
 .text          0x0000000008002014        0x0 c:/intelfpga_lite/18.1/nios2eds/bin/gnu/h-x86_64-mingw32/bin/../lib/gcc/nios2-elf/5.3.0/../../../../../H-x86_64-mingw32/nios2-elf/lib/mno-hw-mul\libc.a(lib_a-atexit.o)
 .text.atexit   0x0000000008002014       0x14 c:/intelfpga_lite/18.1/nios2eds/bin/gnu/h-x86_64-mingw32/bin/../lib/gcc/nios2-elf/5.3.0/../../../../../H-x86_64-mingw32/nios2-elf/lib/mno-hw-mul\libc.a(lib_a-atexit.o)
                0x0000000008002014                atexit
 .text          0x0000000008002028        0x0 c:/intelfpga_lite/18.1/nios2eds/bin/gnu/h-x86_64-mingw32/bin/../lib/gcc/nios2-elf/5.3.0/../../../../../H-x86_64-mingw32/nios2-elf/lib/mno-hw-mul\libc.a(lib_a-exit.o)
 .text.exit     0x0000000008002028       0x38 c:/intelfpga_lite/18.1/nios2eds/bin/gnu/h-x86_64-mingw32/bin/../lib/gcc/nios2-elf/5.3.0/../../../../../H-x86_64-mingw32/nios2-elf/lib/mno-hw-mul\libc.a(lib_a-exit.o)
                0x0000000008002028                exit
 .text          0x0000000008002060        0x0 c:/intelfpga_lite/18.1/nios2eds/bin/gnu/h-x86_64-mingw32/bin/../lib/gcc/nios2-elf/5.3.0/../../../../../H-x86_64-mingw32/nios2-elf/lib/mno-hw-mul\libc.a(lib_a-impure.o)
 .text          0x0000000008002060        0x0 c:/intelfpga_lite/18.1/nios2eds/bin/gnu/h-x86_64-mingw32/bin/../lib/gcc/nios2-elf/5.3.0/../../../../../H-x86_64-mingw32/nios2-elf/lib/mno-hw-mul\libc.a(lib_a-int_errno.o)
 .text          0x0000000008002060        0x0 c:/intelfpga_lite/18.1/nios2eds/bin/gnu/h-x86_64-mingw32/bin/../lib/gcc/nios2-elf/5.3.0/../../../../../H-x86_64-mingw32/nios2-elf/lib/mno-hw-mul\libc.a(lib_a-memcmp.o)
 .text.memcmp   0x0000000008002060       0x7c c:/intelfpga_lite/18.1/nios2eds/bin/gnu/h-x86_64-mingw32/bin/../lib/gcc/nios2-elf/5.3.0/../../../../../H-x86_64-mingw32/nios2-elf/lib/mno-hw-mul\libc.a(lib_a-memcmp.o)
                0x0000000008002060                memcmp
 .text          0x00000000080020dc        0x0 c:/intelfpga_lite/18.1/nios2eds/bin/gnu/h-x86_64-mingw32/bin/../lib/gcc/nios2-elf/5.3.0/../../../../../H-x86_64-mingw32/nios2-elf/lib/mno-hw-mul\libc.a(lib_a-memcpy.o)
 .text.memcpy   0x00000000080020dc      0x148 c:/intelfpga_lite/18.1/nios2eds/bin/gnu/h-x86_64-mingw32/bin/../lib/gcc/nios2-elf/5.3.0/../../../../../H-x86_64-mingw32/nios2-elf/lib/mno-hw-mul\libc.a(lib_a-memcpy.o)
                0x00000000080020dc                memcpy
 .text          0x0000000008002224        0x0 c:/intelfpga_lite/18.1/nios2eds/bin/gnu/h-x86_64-mingw32/bin/../lib/gcc/nios2-elf/5.3.0/../../../../../H-x86_64-mingw32/nios2-elf/lib/mno-hw-mul\libc.a(lib_a-strlen.o)
 .text.strlen   0x0000000008002224       0x98 c:/intelfpga_lite/18.1/nios2eds/bin/gnu/h-x86_64-mingw32/bin/../lib/gcc/nios2-elf/5.3.0/../../../../../H-x86_64-mingw32/nios2-elf/lib/mno-hw-mul\libc.a(lib_a-strlen.o)
                0x0000000008002224                strlen
 .text          0x00000000080022bc        0x0 c:/intelfpga_lite/18.1/nios2eds/bin/gnu/h-x86_64-mingw32/bin/../lib/gcc/nios2-elf/5.3.0/../../../../../H-x86_64-mingw32/nios2-elf/lib/mno-hw-mul\libc.a(lib_a-__atexit.o)
 .text.__register_exitproc
                0x00000000080022bc      0x118 c:/intelfpga_lite/18.1/nios2eds/bin/gnu/h-x86_64-mingw32/bin/../lib/gcc/nios2-elf/5.3.0/../../../../../H-x86_64-mingw32/nios2-elf/lib/mno-hw-mul\libc.a(lib_a-__atexit.o)
                0x00000000080022bc                __register_exitproc
 .text          0x00000000080023d4        0x0 c:/intelfpga_lite/18.1/nios2eds/bin/gnu/h-x86_64-mingw32/bin/../lib/gcc/nios2-elf/5.3.0/../../../../../H-x86_64-mingw32/nios2-elf/lib/mno-hw-mul\libc.a(lib_a-__call_atexit.o)
 .text.__call_exitprocs
                0x00000000080023d4      0x180 c:/intelfpga_lite/18.1/nios2eds/bin/gnu/h-x86_64-mingw32/bin/../lib/gcc/nios2-elf/5.3.0/../../../../../H-x86_64-mingw32/nios2-elf/lib/mno-hw-mul\libc.a(lib_a-__call_atexit.o)
                0x00000000080023d4                __call_exitprocs
 .text          0x0000000008002554       0x28 c:/intelfpga_lite/18.1/nios2eds/bin/gnu/h-x86_64-mingw32/bin/../lib/gcc/nios2-elf/5.3.0/mno-hw-mul\libgcc.a(lib2-mul.o)
                0x0000000008002554                __mulsi3
 .text          0x000000000800257c       0x34 ../final_proj_bsp/\libhal_bsp.a(alt_exit.o)
                0x000000000800257c                _exit
 *(.gnu.warning.*)
 *(.fini)
                [!provide]                        PROVIDE (__etext, ABSOLUTE (.))
                [!provide]                        PROVIDE (_etext, ABSOLUTE (.))
                [!provide]                        PROVIDE (etext, ABSOLUTE (.))
 *(.eh_frame_hdr)
                0x00000000080025b0                . = ALIGN (0x4)
                [!provide]                        PROVIDE (__preinit_array_start, ABSOLUTE (.))
 *(.preinit_array)
                [!provide]                        PROVIDE (__preinit_array_end, ABSOLUTE (.))
                [!provide]                        PROVIDE (__init_array_start, ABSOLUTE (.))
 *(.init_array)
                [!provide]                        PROVIDE (__init_array_end, ABSOLUTE (.))
                [!provide]                        PROVIDE (__fini_array_start, ABSOLUTE (.))
 *(.fini_array)
                [!provide]                        PROVIDE (__fini_array_end, ABSOLUTE (.))
 *(.eh_frame)
 *(.gcc_except_table .gcc_except_table.*)
 *(.dynamic)
                0x00000000080025b0                PROVIDE (__CTOR_LIST__, ABSOLUTE (.))
 *(.ctors)
 *(SORT(.ctors.*))
                0x00000000080025b0                PROVIDE (__CTOR_END__, ABSOLUTE (.))
                0x00000000080025b0                PROVIDE (__DTOR_LIST__, ABSOLUTE (.))
 *(.dtors)
 *(SORT(.dtors.*))
                0x00000000080025b0                PROVIDE (__DTOR_END__, ABSOLUTE (.))
 *(.jcr)
                0x00000000080025b0                . = ALIGN (0x4)

.rodata         0x00000000080025b0       0x38
                0x00000000080025b0                PROVIDE (__ram_rodata_start, ABSOLUTE (.))
                0x00000000080025b0                . = ALIGN (0x4)
 *(.rodata .rodata.* .gnu.linkonce.r.*)
 .rodata        0x00000000080025b0       0x11 ../final_proj_bsp/\libhal_bsp.a(alt_main.o)
 *fill*         0x00000000080025c1        0x3 
 .rodata        0x00000000080025c4       0x11 ../final_proj_bsp/\libhal_bsp.a(alt_sys_init.o)
 *fill*         0x00000000080025d5        0x3 
 .rodata        0x00000000080025d8        0xa ../final_proj_bsp/\libhal_bsp.a(alt_dev.o)
 *fill*         0x00000000080025e2        0x2 
 .rodata.str1.4
                0x00000000080025e4        0x4 c:/intelfpga_lite/18.1/nios2eds/bin/gnu/h-x86_64-mingw32/bin/../lib/gcc/nios2-elf/5.3.0/../../../../../H-x86_64-mingw32/nios2-elf/lib/mno-hw-mul\libc.a(lib_a-impure.o)
                                          0x2 (size before relaxing)
 *(.rodata1)
                0x00000000080025e8                . = ALIGN (0x4)
                0x00000000080025e8                PROVIDE (__ram_rodata_end, ABSOLUTE (.))
                0x00000000080025b0                PROVIDE (__flash_rodata_start, LOADADDR (.rodata))

.rwdata         0x00000000080025e8     0x1658 load address 0x0000000008003c40
                0x00000000080025e8                PROVIDE (__ram_rwdata_start, ABSOLUTE (.))
                0x00000000080025e8                . = ALIGN (0x4)
 *(.got.plt)
 *(.got)
 *(.data1)
 *(.data .data.* .gnu.linkonce.d.*)
 .data          0x00000000080025e8        0x0 ../final_proj_bsp//obj/HAL/src/crt0.o
 .data          0x00000000080025e8        0x0 ../final_proj_bsp/\libhal_bsp.a(alt_load.o)
 .data          0x00000000080025e8        0x0 ../final_proj_bsp/\libhal_bsp.a(alt_main.o)
 .data          0x00000000080025e8     0x1060 ../final_proj_bsp/\libhal_bsp.a(alt_sys_init.o)
 .data          0x0000000008003648        0x0 ../final_proj_bsp/\libhal_bsp.a(altera_avalon_jtag_uart_fd.o)
 .data          0x0000000008003648        0x0 ../final_proj_bsp/\libhal_bsp.a(altera_avalon_jtag_uart_init.o)
 .data          0x0000000008003648        0x0 ../final_proj_bsp/\libhal_bsp.a(altera_avalon_jtag_uart_ioctl.o)
 .data          0x0000000008003648        0x0 ../final_proj_bsp/\libhal_bsp.a(altera_avalon_jtag_uart_read.o)
 .data          0x0000000008003648        0x0 ../final_proj_bsp/\libhal_bsp.a(altera_avalon_jtag_uart_write.o)
 .data          0x0000000008003648        0x0 ../final_proj_bsp/\libhal_bsp.a(altera_avalon_timer_sc.o)
 .data          0x0000000008003648        0x0 ../final_proj_bsp/\libhal_bsp.a(alt_alarm_start.o)
 .data          0x0000000008003648        0x0 ../final_proj_bsp/\libhal_bsp.a(alt_close.o)
 .data          0x0000000008003648        0x0 ../final_proj_bsp/\libhal_bsp.a(alt_dcache_flush_all.o)
 .data          0x0000000008003648      0x1a8 ../final_proj_bsp/\libhal_bsp.a(alt_dev.o)
                0x0000000008003648                alt_dev_null
                0x0000000008003670                alt_fd_list
 .data          0x00000000080037f0        0x0 ../final_proj_bsp/\libhal_bsp.a(alt_dev_llist_insert.o)
 .data          0x00000000080037f0        0x0 ../final_proj_bsp/\libhal_bsp.a(alt_do_ctors.o)
 .data          0x00000000080037f0        0x0 ../final_proj_bsp/\libhal_bsp.a(alt_do_dtors.o)
 .data          0x00000000080037f0        0x0 ../final_proj_bsp/\libhal_bsp.a(alt_errno.o)
 .data          0x00000000080037f0        0x0 ../final_proj_bsp/\libhal_bsp.a(alt_icache_flush_all.o)
 .data          0x00000000080037f0        0x0 ../final_proj_bsp/\libhal_bsp.a(alt_iic.o)
 .data          0x00000000080037f0        0x0 ../final_proj_bsp/\libhal_bsp.a(alt_iic_isr_register.o)
 .data          0x00000000080037f0        0x0 ../final_proj_bsp/\libhal_bsp.a(alt_io_redirect.o)
 .data          0x00000000080037f0        0x0 ../final_proj_bsp/\libhal_bsp.a(alt_irq_entry.o)
 .data          0x00000000080037f0        0x0 ../final_proj_bsp/\libhal_bsp.a(alt_irq_handler.o)
 .data          0x00000000080037f0        0x0 ../final_proj_bsp/\libhal_bsp.a(alt_irq_vars.o)
 .data          0x00000000080037f0        0x0 ../final_proj_bsp/\libhal_bsp.a(alt_open.o)
 .data          0x00000000080037f0        0x0 ../final_proj_bsp/\libhal_bsp.a(alt_release_fd.o)
 .data          0x00000000080037f0        0x0 ../final_proj_bsp/\libhal_bsp.a(alt_tick.o)
 .data          0x00000000080037f0        0x0 ../final_proj_bsp/\libhal_bsp.a(altera_nios2_gen2_irq.o)
 .data          0x00000000080037f0        0x0 ../final_proj_bsp/\libhal_bsp.a(alt_exception_entry.o)
 .data          0x00000000080037f0        0x0 ../final_proj_bsp/\libhal_bsp.a(alt_find_dev.o)
 .data          0x00000000080037f0        0x0 ../final_proj_bsp/\libhal_bsp.a(alt_find_file.o)
 .data          0x00000000080037f0        0x0 ../final_proj_bsp/\libhal_bsp.a(alt_get_fd.o)
 .data          0x00000000080037f0        0x0 ../final_proj_bsp/\libhal_bsp.a(alt_instruction_exception_entry.o)
 .data          0x00000000080037f0        0x0 c:/intelfpga_lite/18.1/nios2eds/bin/gnu/h-x86_64-mingw32/bin/../lib/gcc/nios2-elf/5.3.0/../../../../../H-x86_64-mingw32/nios2-elf/lib/mno-hw-mul\libc.a(lib_a-atexit.o)
 .data          0x00000000080037f0        0x0 c:/intelfpga_lite/18.1/nios2eds/bin/gnu/h-x86_64-mingw32/bin/../lib/gcc/nios2-elf/5.3.0/../../../../../H-x86_64-mingw32/nios2-elf/lib/mno-hw-mul\libc.a(lib_a-exit.o)
 .data          0x00000000080037f0        0x0 c:/intelfpga_lite/18.1/nios2eds/bin/gnu/h-x86_64-mingw32/bin/../lib/gcc/nios2-elf/5.3.0/../../../../../H-x86_64-mingw32/nios2-elf/lib/mno-hw-mul\libc.a(lib_a-impure.o)
 .data.impure_data
                0x00000000080037f0      0x424 c:/intelfpga_lite/18.1/nios2eds/bin/gnu/h-x86_64-mingw32/bin/../lib/gcc/nios2-elf/5.3.0/../../../../../H-x86_64-mingw32/nios2-elf/lib/mno-hw-mul\libc.a(lib_a-impure.o)
 .data          0x0000000008003c14        0x0 c:/intelfpga_lite/18.1/nios2eds/bin/gnu/h-x86_64-mingw32/bin/../lib/gcc/nios2-elf/5.3.0/../../../../../H-x86_64-mingw32/nios2-elf/lib/mno-hw-mul\libc.a(lib_a-int_errno.o)
 .data          0x0000000008003c14        0x0 c:/intelfpga_lite/18.1/nios2eds/bin/gnu/h-x86_64-mingw32/bin/../lib/gcc/nios2-elf/5.3.0/../../../../../H-x86_64-mingw32/nios2-elf/lib/mno-hw-mul\libc.a(lib_a-memcmp.o)
 .data          0x0000000008003c14        0x0 c:/intelfpga_lite/18.1/nios2eds/bin/gnu/h-x86_64-mingw32/bin/../lib/gcc/nios2-elf/5.3.0/../../../../../H-x86_64-mingw32/nios2-elf/lib/mno-hw-mul\libc.a(lib_a-memcpy.o)
 .data          0x0000000008003c14        0x0 c:/intelfpga_lite/18.1/nios2eds/bin/gnu/h-x86_64-mingw32/bin/../lib/gcc/nios2-elf/5.3.0/../../../../../H-x86_64-mingw32/nios2-elf/lib/mno-hw-mul\libc.a(lib_a-strlen.o)
 .data          0x0000000008003c14        0x0 c:/intelfpga_lite/18.1/nios2eds/bin/gnu/h-x86_64-mingw32/bin/../lib/gcc/nios2-elf/5.3.0/../../../../../H-x86_64-mingw32/nios2-elf/lib/mno-hw-mul\libc.a(lib_a-__atexit.o)
 .data          0x0000000008003c14        0x0 c:/intelfpga_lite/18.1/nios2eds/bin/gnu/h-x86_64-mingw32/bin/../lib/gcc/nios2-elf/5.3.0/../../../../../H-x86_64-mingw32/nios2-elf/lib/mno-hw-mul\libc.a(lib_a-__call_atexit.o)
 .data          0x0000000008003c14        0x0 c:/intelfpga_lite/18.1/nios2eds/bin/gnu/h-x86_64-mingw32/bin/../lib/gcc/nios2-elf/5.3.0/mno-hw-mul\libgcc.a(lib2-mul.o)
 .data          0x0000000008003c14        0x0 ../final_proj_bsp/\libhal_bsp.a(alt_exit.o)
                0x000000000800bc14                _gp = ABSOLUTE ((. + 0x8000))
                [!provide]                        PROVIDE (gp, _gp)
 *(.rwdata .rwdata.*)
 *(.sdata .sdata.* .gnu.linkonce.s.*)
 .sdata         0x0000000008003c14       0x14 ../final_proj_bsp/\libhal_bsp.a(alt_dev.o)
                0x0000000008003c14                alt_fs_list
                0x0000000008003c1c                alt_dev_list
                0x0000000008003c24                alt_max_fd
 .sdata         0x0000000008003c28        0x4 ../final_proj_bsp/\libhal_bsp.a(alt_errno.o)
                0x0000000008003c28                alt_errno
 .sdata         0x0000000008003c2c        0x4 ../final_proj_bsp/\libhal_bsp.a(alt_irq_vars.o)
                0x0000000008003c2c                alt_priority_mask
 .sdata         0x0000000008003c30        0x8 ../final_proj_bsp/\libhal_bsp.a(alt_tick.o)
                0x0000000008003c30                alt_alarm_list
 .sdata._global_impure_ptr
                0x0000000008003c38        0x4 c:/intelfpga_lite/18.1/nios2eds/bin/gnu/h-x86_64-mingw32/bin/../lib/gcc/nios2-elf/5.3.0/../../../../../H-x86_64-mingw32/nios2-elf/lib/mno-hw-mul\libc.a(lib_a-impure.o)
                0x0000000008003c38                _global_impure_ptr
 .sdata._impure_ptr
                0x0000000008003c3c        0x4 c:/intelfpga_lite/18.1/nios2eds/bin/gnu/h-x86_64-mingw32/bin/../lib/gcc/nios2-elf/5.3.0/../../../../../H-x86_64-mingw32/nios2-elf/lib/mno-hw-mul\libc.a(lib_a-impure.o)
                0x0000000008003c3c                _impure_ptr
 *(.sdata2 .sdata2.* .gnu.linkonce.s2.*)
                0x0000000008003c40                . = ALIGN (0x4)
                0x0000000008003c40                _edata = ABSOLUTE (.)
                [!provide]                        PROVIDE (edata, ABSOLUTE (.))
                0x0000000008003c40                PROVIDE (__ram_rwdata_end, ABSOLUTE (.))
                0x0000000008003c40                PROVIDE (__flash_rwdata_start, LOADADDR (.rwdata))

.bss            0x0000000008005298      0x120
                0x0000000008005298                __bss_start = ABSOLUTE (.)
                [!provide]                        PROVIDE (__sbss_start, ABSOLUTE (.))
                [!provide]                        PROVIDE (___sbss_start, ABSOLUTE (.))
 *(.dynsbss)
 *(.sbss .sbss.* .gnu.linkonce.sb.*)
 .sbss          0x0000000008005298        0xc ../final_proj_bsp/\libhal_bsp.a(alt_main.o)
                0x0000000008005298                alt_argc
                0x000000000800529c                alt_argv
                0x00000000080052a0                alt_envp
 .sbss          0x00000000080052a4        0x4 ../final_proj_bsp/\libhal_bsp.a(alt_irq_vars.o)
                0x00000000080052a4                alt_irq_active
 .sbss          0x00000000080052a8        0x8 ../final_proj_bsp/\libhal_bsp.a(alt_tick.o)
                0x00000000080052a8                _alt_tick_rate
                0x00000000080052ac                _alt_nticks
 .sbss          0x00000000080052b0        0x4 ../final_proj_bsp/\libhal_bsp.a(alt_instruction_exception_entry.o)
                0x00000000080052b0                alt_instruction_exception_handler
 .sbss          0x00000000080052b4        0x4 c:/intelfpga_lite/18.1/nios2eds/bin/gnu/h-x86_64-mingw32/bin/../lib/gcc/nios2-elf/5.3.0/../../../../../H-x86_64-mingw32/nios2-elf/lib/mno-hw-mul\libc.a(lib_a-int_errno.o)
                0x00000000080052b4                errno
 *(.sbss2 .sbss2.* .gnu.linkonce.sb2.*)
 *(.scommon)
                [!provide]                        PROVIDE (__sbss_end, ABSOLUTE (.))
                [!provide]                        PROVIDE (___sbss_end, ABSOLUTE (.))
 *(.dynbss)
 *(.bss .bss.* .gnu.linkonce.b.*)
 .bss           0x00000000080052b8        0x0 ../final_proj_bsp//obj/HAL/src/crt0.o
 .bss           0x00000000080052b8        0x0 ../final_proj_bsp/\libhal_bsp.a(alt_load.o)
 .bss           0x00000000080052b8        0x0 ../final_proj_bsp/\libhal_bsp.a(alt_main.o)
 .bss           0x00000000080052b8        0x0 ../final_proj_bsp/\libhal_bsp.a(alt_sys_init.o)
 .bss           0x00000000080052b8        0x0 ../final_proj_bsp/\libhal_bsp.a(altera_avalon_jtag_uart_fd.o)
 .bss           0x00000000080052b8        0x0 ../final_proj_bsp/\libhal_bsp.a(altera_avalon_jtag_uart_init.o)
 .bss           0x00000000080052b8        0x0 ../final_proj_bsp/\libhal_bsp.a(altera_avalon_jtag_uart_ioctl.o)
 .bss           0x00000000080052b8        0x0 ../final_proj_bsp/\libhal_bsp.a(altera_avalon_jtag_uart_read.o)
 .bss           0x00000000080052b8        0x0 ../final_proj_bsp/\libhal_bsp.a(altera_avalon_jtag_uart_write.o)
 .bss           0x00000000080052b8        0x0 ../final_proj_bsp/\libhal_bsp.a(altera_avalon_timer_sc.o)
 .bss           0x00000000080052b8        0x0 ../final_proj_bsp/\libhal_bsp.a(alt_alarm_start.o)
 .bss           0x00000000080052b8        0x0 ../final_proj_bsp/\libhal_bsp.a(alt_close.o)
 .bss           0x00000000080052b8        0x0 ../final_proj_bsp/\libhal_bsp.a(alt_dcache_flush_all.o)
 .bss           0x00000000080052b8        0x0 ../final_proj_bsp/\libhal_bsp.a(alt_dev.o)
 .bss           0x00000000080052b8        0x0 ../final_proj_bsp/\libhal_bsp.a(alt_dev_llist_insert.o)
 .bss           0x00000000080052b8        0x0 ../final_proj_bsp/\libhal_bsp.a(alt_do_ctors.o)
 .bss           0x00000000080052b8        0x0 ../final_proj_bsp/\libhal_bsp.a(alt_do_dtors.o)
 .bss           0x00000000080052b8        0x0 ../final_proj_bsp/\libhal_bsp.a(alt_errno.o)
 .bss           0x00000000080052b8        0x0 ../final_proj_bsp/\libhal_bsp.a(alt_icache_flush_all.o)
 .bss           0x00000000080052b8        0x0 ../final_proj_bsp/\libhal_bsp.a(alt_iic.o)
 .bss           0x00000000080052b8        0x0 ../final_proj_bsp/\libhal_bsp.a(alt_iic_isr_register.o)
 .bss           0x00000000080052b8        0x0 ../final_proj_bsp/\libhal_bsp.a(alt_io_redirect.o)
 .bss           0x00000000080052b8        0x0 ../final_proj_bsp/\libhal_bsp.a(alt_irq_entry.o)
 .bss           0x00000000080052b8        0x0 ../final_proj_bsp/\libhal_bsp.a(alt_irq_handler.o)
 .bss           0x00000000080052b8        0x0 ../final_proj_bsp/\libhal_bsp.a(alt_irq_vars.o)
 .bss           0x00000000080052b8        0x0 ../final_proj_bsp/\libhal_bsp.a(alt_open.o)
 .bss           0x00000000080052b8        0x0 ../final_proj_bsp/\libhal_bsp.a(alt_release_fd.o)
 .bss           0x00000000080052b8        0x0 ../final_proj_bsp/\libhal_bsp.a(alt_tick.o)
 .bss           0x00000000080052b8        0x0 ../final_proj_bsp/\libhal_bsp.a(altera_nios2_gen2_irq.o)
 .bss           0x00000000080052b8        0x0 ../final_proj_bsp/\libhal_bsp.a(alt_exception_entry.o)
 .bss           0x00000000080052b8        0x0 ../final_proj_bsp/\libhal_bsp.a(alt_find_dev.o)
 .bss           0x00000000080052b8        0x0 ../final_proj_bsp/\libhal_bsp.a(alt_find_file.o)
 .bss           0x00000000080052b8        0x0 ../final_proj_bsp/\libhal_bsp.a(alt_get_fd.o)
 .bss           0x00000000080052b8        0x0 ../final_proj_bsp/\libhal_bsp.a(alt_instruction_exception_entry.o)
 .bss           0x00000000080052b8        0x0 c:/intelfpga_lite/18.1/nios2eds/bin/gnu/h-x86_64-mingw32/bin/../lib/gcc/nios2-elf/5.3.0/../../../../../H-x86_64-mingw32/nios2-elf/lib/mno-hw-mul\libc.a(lib_a-atexit.o)
 .bss           0x00000000080052b8        0x0 c:/intelfpga_lite/18.1/nios2eds/bin/gnu/h-x86_64-mingw32/bin/../lib/gcc/nios2-elf/5.3.0/../../../../../H-x86_64-mingw32/nios2-elf/lib/mno-hw-mul\libc.a(lib_a-exit.o)
 .bss           0x00000000080052b8        0x0 c:/intelfpga_lite/18.1/nios2eds/bin/gnu/h-x86_64-mingw32/bin/../lib/gcc/nios2-elf/5.3.0/../../../../../H-x86_64-mingw32/nios2-elf/lib/mno-hw-mul\libc.a(lib_a-impure.o)
 .bss           0x00000000080052b8        0x0 c:/intelfpga_lite/18.1/nios2eds/bin/gnu/h-x86_64-mingw32/bin/../lib/gcc/nios2-elf/5.3.0/../../../../../H-x86_64-mingw32/nios2-elf/lib/mno-hw-mul\libc.a(lib_a-int_errno.o)
 .bss           0x00000000080052b8        0x0 c:/intelfpga_lite/18.1/nios2eds/bin/gnu/h-x86_64-mingw32/bin/../lib/gcc/nios2-elf/5.3.0/../../../../../H-x86_64-mingw32/nios2-elf/lib/mno-hw-mul\libc.a(lib_a-memcmp.o)
 .bss           0x00000000080052b8        0x0 c:/intelfpga_lite/18.1/nios2eds/bin/gnu/h-x86_64-mingw32/bin/../lib/gcc/nios2-elf/5.3.0/../../../../../H-x86_64-mingw32/nios2-elf/lib/mno-hw-mul\libc.a(lib_a-memcpy.o)
 .bss           0x00000000080052b8        0x0 c:/intelfpga_lite/18.1/nios2eds/bin/gnu/h-x86_64-mingw32/bin/../lib/gcc/nios2-elf/5.3.0/../../../../../H-x86_64-mingw32/nios2-elf/lib/mno-hw-mul\libc.a(lib_a-strlen.o)
 .bss           0x00000000080052b8        0x0 c:/intelfpga_lite/18.1/nios2eds/bin/gnu/h-x86_64-mingw32/bin/../lib/gcc/nios2-elf/5.3.0/../../../../../H-x86_64-mingw32/nios2-elf/lib/mno-hw-mul\libc.a(lib_a-__atexit.o)
 .bss           0x00000000080052b8        0x0 c:/intelfpga_lite/18.1/nios2eds/bin/gnu/h-x86_64-mingw32/bin/../lib/gcc/nios2-elf/5.3.0/../../../../../H-x86_64-mingw32/nios2-elf/lib/mno-hw-mul\libc.a(lib_a-__call_atexit.o)
 .bss           0x00000000080052b8        0x0 c:/intelfpga_lite/18.1/nios2eds/bin/gnu/h-x86_64-mingw32/bin/../lib/gcc/nios2-elf/5.3.0/mno-hw-mul\libgcc.a(lib2-mul.o)
 .bss           0x00000000080052b8        0x0 ../final_proj_bsp/\libhal_bsp.a(alt_exit.o)
 *(COMMON)
 COMMON         0x00000000080052b8      0x100 ../final_proj_bsp/\libhal_bsp.a(alt_irq_handler.o)
                0x00000000080052b8                alt_irq
                0x00000000080053b8                . = ALIGN (0x4)
                0x00000000080053b8                __bss_end = ABSOLUTE (.)

.onchip_memory2_0
                0x0000000000000000        0x0 load address 0x00000000080053b8
                [!provide]                        PROVIDE (_alt_partition_onchip_memory2_0_start, ABSOLUTE (.))
 *(.onchip_memory2_0 .onchip_memory2_0. onchip_memory2_0.*)
                0x0000000000000000                . = ALIGN (0x4)
                [!provide]                        PROVIDE (_alt_partition_onchip_memory2_0_end, ABSOLUTE (.))
                [!provide]                        PROVIDE (_alt_partition_onchip_memory2_0_load_addr, LOADADDR (.onchip_memory2_0))

.sdram          0x00000000080053b8        0x0
                [!provide]                        PROVIDE (_alt_partition_sdram_start, ABSOLUTE (.))
 *(.sdram .sdram. sdram.*)
                0x00000000080053b8                . = ALIGN (0x4)
                [!provide]                        PROVIDE (_alt_partition_sdram_end, ABSOLUTE (.))
                0x00000000080053b8                _end = ABSOLUTE (.)
                0x00000000080053b8                end = ABSOLUTE (.)
                0x00000000080053b8                __alt_stack_base = ABSOLUTE (.)
                [!provide]                        PROVIDE (_alt_partition_sdram_load_addr, LOADADDR (.sdram))

.stab
 *(.stab)

.stabstr
 *(.stabstr)

.stab.excl
 *(.stab.excl)

.stab.exclstr
 *(.stab.exclstr)

.stab.index
 *(.stab.index)

.stab.indexstr
 *(.stab.indexstr)

.comment        0x0000000000000000       0x23
 *(.comment)
 .comment       0x0000000000000000       0x23 ../final_proj_bsp/\libhal_bsp.a(alt_load.o)
                                         0x24 (size before relaxing)
 .comment       0x0000000000000023       0x24 ../final_proj_bsp/\libhal_bsp.a(alt_main.o)
 .comment       0x0000000000000023       0x24 ../final_proj_bsp/\libhal_bsp.a(alt_sys_init.o)
 .comment       0x0000000000000023       0x24 ../final_proj_bsp/\libhal_bsp.a(altera_avalon_jtag_uart_fd.o)
 .comment       0x0000000000000023       0x24 ../final_proj_bsp/\libhal_bsp.a(altera_avalon_jtag_uart_init.o)
 .comment       0x0000000000000023       0x24 ../final_proj_bsp/\libhal_bsp.a(altera_avalon_jtag_uart_ioctl.o)
 .comment       0x0000000000000023       0x24 ../final_proj_bsp/\libhal_bsp.a(altera_avalon_jtag_uart_read.o)
 .comment       0x0000000000000023       0x24 ../final_proj_bsp/\libhal_bsp.a(altera_avalon_jtag_uart_write.o)
 .comment       0x0000000000000023       0x24 ../final_proj_bsp/\libhal_bsp.a(altera_avalon_timer_sc.o)
 .comment       0x0000000000000023       0x24 ../final_proj_bsp/\libhal_bsp.a(alt_alarm_start.o)
 .comment       0x0000000000000023       0x24 ../final_proj_bsp/\libhal_bsp.a(alt_close.o)
 .comment       0x0000000000000023       0x24 ../final_proj_bsp/\libhal_bsp.a(alt_dcache_flush_all.o)
 .comment       0x0000000000000023       0x24 ../final_proj_bsp/\libhal_bsp.a(alt_dev.o)
 .comment       0x0000000000000023       0x24 ../final_proj_bsp/\libhal_bsp.a(alt_dev_llist_insert.o)
 .comment       0x0000000000000023       0x24 ../final_proj_bsp/\libhal_bsp.a(alt_do_ctors.o)
 .comment       0x0000000000000023       0x24 ../final_proj_bsp/\libhal_bsp.a(alt_do_dtors.o)
 .comment       0x0000000000000023       0x24 ../final_proj_bsp/\libhal_bsp.a(alt_errno.o)
 .comment       0x0000000000000023       0x24 ../final_proj_bsp/\libhal_bsp.a(alt_icache_flush_all.o)
 .comment       0x0000000000000023       0x24 ../final_proj_bsp/\libhal_bsp.a(alt_iic.o)
 .comment       0x0000000000000023       0x24 ../final_proj_bsp/\libhal_bsp.a(alt_iic_isr_register.o)
 .comment       0x0000000000000023       0x24 ../final_proj_bsp/\libhal_bsp.a(alt_io_redirect.o)
 .comment       0x0000000000000023       0x24 ../final_proj_bsp/\libhal_bsp.a(alt_irq_handler.o)
 .comment       0x0000000000000023       0x24 ../final_proj_bsp/\libhal_bsp.a(alt_irq_vars.o)
 .comment       0x0000000000000023       0x24 ../final_proj_bsp/\libhal_bsp.a(alt_open.o)
 .comment       0x0000000000000023       0x24 ../final_proj_bsp/\libhal_bsp.a(alt_release_fd.o)
 .comment       0x0000000000000023       0x24 ../final_proj_bsp/\libhal_bsp.a(alt_tick.o)
 .comment       0x0000000000000023       0x24 ../final_proj_bsp/\libhal_bsp.a(altera_nios2_gen2_irq.o)
 .comment       0x0000000000000023       0x24 ../final_proj_bsp/\libhal_bsp.a(alt_find_dev.o)
 .comment       0x0000000000000023       0x24 ../final_proj_bsp/\libhal_bsp.a(alt_find_file.o)
 .comment       0x0000000000000023       0x24 ../final_proj_bsp/\libhal_bsp.a(alt_get_fd.o)
 .comment       0x0000000000000023       0x24 ../final_proj_bsp/\libhal_bsp.a(alt_instruction_exception_entry.o)
 .comment       0x0000000000000023       0x24 c:/intelfpga_lite/18.1/nios2eds/bin/gnu/h-x86_64-mingw32/bin/../lib/gcc/nios2-elf/5.3.0/../../../../../H-x86_64-mingw32/nios2-elf/lib/mno-hw-mul\libc.a(lib_a-atexit.o)
 .comment       0x0000000000000023       0x24 c:/intelfpga_lite/18.1/nios2eds/bin/gnu/h-x86_64-mingw32/bin/../lib/gcc/nios2-elf/5.3.0/../../../../../H-x86_64-mingw32/nios2-elf/lib/mno-hw-mul\libc.a(lib_a-exit.o)
 .comment       0x0000000000000023       0x24 c:/intelfpga_lite/18.1/nios2eds/bin/gnu/h-x86_64-mingw32/bin/../lib/gcc/nios2-elf/5.3.0/../../../../../H-x86_64-mingw32/nios2-elf/lib/mno-hw-mul\libc.a(lib_a-impure.o)
 .comment       0x0000000000000023       0x24 c:/intelfpga_lite/18.1/nios2eds/bin/gnu/h-x86_64-mingw32/bin/../lib/gcc/nios2-elf/5.3.0/../../../../../H-x86_64-mingw32/nios2-elf/lib/mno-hw-mul\libc.a(lib_a-int_errno.o)
 .comment       0x0000000000000023       0x24 c:/intelfpga_lite/18.1/nios2eds/bin/gnu/h-x86_64-mingw32/bin/../lib/gcc/nios2-elf/5.3.0/../../../../../H-x86_64-mingw32/nios2-elf/lib/mno-hw-mul\libc.a(lib_a-memcmp.o)
 .comment       0x0000000000000023       0x24 c:/intelfpga_lite/18.1/nios2eds/bin/gnu/h-x86_64-mingw32/bin/../lib/gcc/nios2-elf/5.3.0/../../../../../H-x86_64-mingw32/nios2-elf/lib/mno-hw-mul\libc.a(lib_a-memcpy.o)
 .comment       0x0000000000000023       0x24 c:/intelfpga_lite/18.1/nios2eds/bin/gnu/h-x86_64-mingw32/bin/../lib/gcc/nios2-elf/5.3.0/../../../../../H-x86_64-mingw32/nios2-elf/lib/mno-hw-mul\libc.a(lib_a-strlen.o)
 .comment       0x0000000000000023       0x24 c:/intelfpga_lite/18.1/nios2eds/bin/gnu/h-x86_64-mingw32/bin/../lib/gcc/nios2-elf/5.3.0/../../../../../H-x86_64-mingw32/nios2-elf/lib/mno-hw-mul\libc.a(lib_a-__atexit.o)
 .comment       0x0000000000000023       0x24 c:/intelfpga_lite/18.1/nios2eds/bin/gnu/h-x86_64-mingw32/bin/../lib/gcc/nios2-elf/5.3.0/../../../../../H-x86_64-mingw32/nios2-elf/lib/mno-hw-mul\libc.a(lib_a-__call_atexit.o)
 .comment       0x0000000000000023       0x24 c:/intelfpga_lite/18.1/nios2eds/bin/gnu/h-x86_64-mingw32/bin/../lib/gcc/nios2-elf/5.3.0/mno-hw-mul\libgcc.a(lib2-mul.o)
 .comment       0x0000000000000023       0x24 ../final_proj_bsp/\libhal_bsp.a(alt_exit.o)

.debug
 *(.debug)

.line
 *(.line)

.debug_srcinfo
 *(.debug_srcinfo)

.debug_sfnames
 *(.debug_sfnames)

.debug_aranges  0x0000000000000000      0x5b8
 *(.debug_aranges)
 .debug_aranges
                0x0000000000000000       0x28 ../final_proj_bsp//obj/HAL/src/crt0.o
 .debug_aranges
                0x0000000000000028       0x20 ../final_proj_bsp/\libhal_bsp.a(alt_load.o)
 .debug_aranges
                0x0000000000000048       0x20 ../final_proj_bsp/\libhal_bsp.a(alt_main.o)
 .debug_aranges
                0x0000000000000068       0x20 ../final_proj_bsp/\libhal_bsp.a(alt_sys_init.o)
 .debug_aranges
                0x0000000000000088       0x20 ../final_proj_bsp/\libhal_bsp.a(altera_avalon_jtag_uart_fd.o)
 .debug_aranges
                0x00000000000000a8       0x20 ../final_proj_bsp/\libhal_bsp.a(altera_avalon_jtag_uart_init.o)
 .debug_aranges
                0x00000000000000c8       0x20 ../final_proj_bsp/\libhal_bsp.a(altera_avalon_jtag_uart_ioctl.o)
 .debug_aranges
                0x00000000000000e8       0x20 ../final_proj_bsp/\libhal_bsp.a(altera_avalon_jtag_uart_read.o)
 .debug_aranges
                0x0000000000000108       0x20 ../final_proj_bsp/\libhal_bsp.a(altera_avalon_jtag_uart_write.o)
 .debug_aranges
                0x0000000000000128       0x20 ../final_proj_bsp/\libhal_bsp.a(altera_avalon_timer_sc.o)
 .debug_aranges
                0x0000000000000148       0x20 ../final_proj_bsp/\libhal_bsp.a(alt_alarm_start.o)
 .debug_aranges
                0x0000000000000168       0x20 ../final_proj_bsp/\libhal_bsp.a(alt_close.o)
 .debug_aranges
                0x0000000000000188       0x20 ../final_proj_bsp/\libhal_bsp.a(alt_dcache_flush_all.o)
 .debug_aranges
                0x00000000000001a8       0x20 ../final_proj_bsp/\libhal_bsp.a(alt_dev.o)
 .debug_aranges
                0x00000000000001c8       0x20 ../final_proj_bsp/\libhal_bsp.a(alt_dev_llist_insert.o)
 .debug_aranges
                0x00000000000001e8       0x20 ../final_proj_bsp/\libhal_bsp.a(alt_do_ctors.o)
 .debug_aranges
                0x0000000000000208       0x20 ../final_proj_bsp/\libhal_bsp.a(alt_do_dtors.o)
 .debug_aranges
                0x0000000000000228       0x18 ../final_proj_bsp/\libhal_bsp.a(alt_errno.o)
 .debug_aranges
                0x0000000000000240       0x20 ../final_proj_bsp/\libhal_bsp.a(alt_icache_flush_all.o)
 .debug_aranges
                0x0000000000000260       0x20 ../final_proj_bsp/\libhal_bsp.a(alt_iic.o)
 .debug_aranges
                0x0000000000000280       0x20 ../final_proj_bsp/\libhal_bsp.a(alt_iic_isr_register.o)
 .debug_aranges
                0x00000000000002a0       0x20 ../final_proj_bsp/\libhal_bsp.a(alt_io_redirect.o)
 .debug_aranges
                0x00000000000002c0       0x30 ../final_proj_bsp/\libhal_bsp.a(alt_irq_entry.o)
 .debug_aranges
                0x00000000000002f0       0x20 ../final_proj_bsp/\libhal_bsp.a(alt_irq_handler.o)
 .debug_aranges
                0x0000000000000310       0x18 ../final_proj_bsp/\libhal_bsp.a(alt_irq_vars.o)
 .debug_aranges
                0x0000000000000328       0x20 ../final_proj_bsp/\libhal_bsp.a(alt_open.o)
 .debug_aranges
                0x0000000000000348       0x20 ../final_proj_bsp/\libhal_bsp.a(alt_release_fd.o)
 .debug_aranges
                0x0000000000000368       0x20 ../final_proj_bsp/\libhal_bsp.a(alt_tick.o)
 .debug_aranges
                0x0000000000000388       0x20 ../final_proj_bsp/\libhal_bsp.a(altera_nios2_gen2_irq.o)
 .debug_aranges
                0x00000000000003a8       0x38 ../final_proj_bsp/\libhal_bsp.a(alt_exception_entry.o)
 .debug_aranges
                0x00000000000003e0       0x20 ../final_proj_bsp/\libhal_bsp.a(alt_find_dev.o)
 .debug_aranges
                0x0000000000000400       0x20 ../final_proj_bsp/\libhal_bsp.a(alt_find_file.o)
 .debug_aranges
                0x0000000000000420       0x20 ../final_proj_bsp/\libhal_bsp.a(alt_get_fd.o)
 .debug_aranges
                0x0000000000000440       0x28 ../final_proj_bsp/\libhal_bsp.a(alt_instruction_exception_entry.o)
 .debug_aranges
                0x0000000000000468       0x20 c:/intelfpga_lite/18.1/nios2eds/bin/gnu/h-x86_64-mingw32/bin/../lib/gcc/nios2-elf/5.3.0/../../../../../H-x86_64-mingw32/nios2-elf/lib/mno-hw-mul\libc.a(lib_a-atexit.o)
 .debug_aranges
                0x0000000000000488       0x20 c:/intelfpga_lite/18.1/nios2eds/bin/gnu/h-x86_64-mingw32/bin/../lib/gcc/nios2-elf/5.3.0/../../../../../H-x86_64-mingw32/nios2-elf/lib/mno-hw-mul\libc.a(lib_a-exit.o)
 .debug_aranges
                0x00000000000004a8       0x18 c:/intelfpga_lite/18.1/nios2eds/bin/gnu/h-x86_64-mingw32/bin/../lib/gcc/nios2-elf/5.3.0/../../../../../H-x86_64-mingw32/nios2-elf/lib/mno-hw-mul\libc.a(lib_a-impure.o)
 .debug_aranges
                0x00000000000004c0       0x18 c:/intelfpga_lite/18.1/nios2eds/bin/gnu/h-x86_64-mingw32/bin/../lib/gcc/nios2-elf/5.3.0/../../../../../H-x86_64-mingw32/nios2-elf/lib/mno-hw-mul\libc.a(lib_a-int_errno.o)
 .debug_aranges
                0x00000000000004d8       0x20 c:/intelfpga_lite/18.1/nios2eds/bin/gnu/h-x86_64-mingw32/bin/../lib/gcc/nios2-elf/5.3.0/../../../../../H-x86_64-mingw32/nios2-elf/lib/mno-hw-mul\libc.a(lib_a-memcmp.o)
 .debug_aranges
                0x00000000000004f8       0x20 c:/intelfpga_lite/18.1/nios2eds/bin/gnu/h-x86_64-mingw32/bin/../lib/gcc/nios2-elf/5.3.0/../../../../../H-x86_64-mingw32/nios2-elf/lib/mno-hw-mul\libc.a(lib_a-memcpy.o)
 .debug_aranges
                0x0000000000000518       0x20 c:/intelfpga_lite/18.1/nios2eds/bin/gnu/h-x86_64-mingw32/bin/../lib/gcc/nios2-elf/5.3.0/../../../../../H-x86_64-mingw32/nios2-elf/lib/mno-hw-mul\libc.a(lib_a-strlen.o)
 .debug_aranges
                0x0000000000000538       0x20 c:/intelfpga_lite/18.1/nios2eds/bin/gnu/h-x86_64-mingw32/bin/../lib/gcc/nios2-elf/5.3.0/../../../../../H-x86_64-mingw32/nios2-elf/lib/mno-hw-mul\libc.a(lib_a-__atexit.o)
 .debug_aranges
                0x0000000000000558       0x20 c:/intelfpga_lite/18.1/nios2eds/bin/gnu/h-x86_64-mingw32/bin/../lib/gcc/nios2-elf/5.3.0/../../../../../H-x86_64-mingw32/nios2-elf/lib/mno-hw-mul\libc.a(lib_a-__call_atexit.o)
 .debug_aranges
                0x0000000000000578       0x20 c:/intelfpga_lite/18.1/nios2eds/bin/gnu/h-x86_64-mingw32/bin/../lib/gcc/nios2-elf/5.3.0/mno-hw-mul\libgcc.a(lib2-mul.o)
 .debug_aranges
                0x0000000000000598       0x20 ../final_proj_bsp/\libhal_bsp.a(alt_exit.o)

.debug_pubnames
 *(.debug_pubnames)

.debug_info     0x0000000000000000     0x76bd
 *(.debug_info .gnu.linkonce.wi.*)
 .debug_info    0x0000000000000000       0x82 ../final_proj_bsp//obj/HAL/src/crt0.o
 .debug_info    0x0000000000000082      0x145 ../final_proj_bsp/\libhal_bsp.a(alt_load.o)
 .debug_info    0x00000000000001c7      0x131 ../final_proj_bsp/\libhal_bsp.a(alt_main.o)
 .debug_info    0x00000000000002f8      0x4d9 ../final_proj_bsp/\libhal_bsp.a(alt_sys_init.o)
 .debug_info    0x00000000000007d1      0x52e ../final_proj_bsp/\libhal_bsp.a(altera_avalon_jtag_uart_fd.o)
 .debug_info    0x0000000000000cff      0x3a0 ../final_proj_bsp/\libhal_bsp.a(altera_avalon_jtag_uart_init.o)
 .debug_info    0x000000000000109f      0x280 ../final_proj_bsp/\libhal_bsp.a(altera_avalon_jtag_uart_ioctl.o)
 .debug_info    0x000000000000131f      0x345 ../final_proj_bsp/\libhal_bsp.a(altera_avalon_jtag_uart_read.o)
 .debug_info    0x0000000000001664      0x340 ../final_proj_bsp/\libhal_bsp.a(altera_avalon_jtag_uart_write.o)
 .debug_info    0x00000000000019a4      0x226 ../final_proj_bsp/\libhal_bsp.a(altera_avalon_timer_sc.o)
 .debug_info    0x0000000000001bca      0x2cc ../final_proj_bsp/\libhal_bsp.a(alt_alarm_start.o)
 .debug_info    0x0000000000001e96      0x321 ../final_proj_bsp/\libhal_bsp.a(alt_close.o)
 .debug_info    0x00000000000021b7       0x92 ../final_proj_bsp/\libhal_bsp.a(alt_dcache_flush_all.o)
 .debug_info    0x0000000000002249      0x49c ../final_proj_bsp/\libhal_bsp.a(alt_dev.o)
 .debug_info    0x00000000000026e5      0x1a9 ../final_proj_bsp/\libhal_bsp.a(alt_dev_llist_insert.o)
 .debug_info    0x000000000000288e       0x83 ../final_proj_bsp/\libhal_bsp.a(alt_do_ctors.o)
 .debug_info    0x0000000000002911       0x83 ../final_proj_bsp/\libhal_bsp.a(alt_do_dtors.o)
 .debug_info    0x0000000000002994       0xa6 ../final_proj_bsp/\libhal_bsp.a(alt_errno.o)
 .debug_info    0x0000000000002a3a       0x92 ../final_proj_bsp/\libhal_bsp.a(alt_icache_flush_all.o)
 .debug_info    0x0000000000002acc      0x350 ../final_proj_bsp/\libhal_bsp.a(alt_iic.o)
 .debug_info    0x0000000000002e1c      0x1ef ../final_proj_bsp/\libhal_bsp.a(alt_iic_isr_register.o)
 .debug_info    0x000000000000300b      0x4a5 ../final_proj_bsp/\libhal_bsp.a(alt_io_redirect.o)
 .debug_info    0x00000000000034b0       0x8b ../final_proj_bsp/\libhal_bsp.a(alt_irq_entry.o)
 .debug_info    0x000000000000353b      0x187 ../final_proj_bsp/\libhal_bsp.a(alt_irq_handler.o)
 .debug_info    0x00000000000036c2       0x88 ../final_proj_bsp/\libhal_bsp.a(alt_irq_vars.o)
 .debug_info    0x000000000000374a      0x3bb ../final_proj_bsp/\libhal_bsp.a(alt_open.o)
 .debug_info    0x0000000000003b05      0x2b0 ../final_proj_bsp/\libhal_bsp.a(alt_release_fd.o)
 .debug_info    0x0000000000003db5      0x299 ../final_proj_bsp/\libhal_bsp.a(alt_tick.o)
 .debug_info    0x000000000000404e       0x92 ../final_proj_bsp/\libhal_bsp.a(altera_nios2_gen2_irq.o)
 .debug_info    0x00000000000040e0       0x91 ../final_proj_bsp/\libhal_bsp.a(alt_exception_entry.o)
 .debug_info    0x0000000000004171      0x2e9 ../final_proj_bsp/\libhal_bsp.a(alt_find_dev.o)
 .debug_info    0x000000000000445a      0x2e6 ../final_proj_bsp/\libhal_bsp.a(alt_find_file.o)
 .debug_info    0x0000000000004740      0x310 ../final_proj_bsp/\libhal_bsp.a(alt_get_fd.o)
 .debug_info    0x0000000000004a50      0x1e7 ../final_proj_bsp/\libhal_bsp.a(alt_instruction_exception_entry.o)
 .debug_info    0x0000000000004c37       0xfe c:/intelfpga_lite/18.1/nios2eds/bin/gnu/h-x86_64-mingw32/bin/../lib/gcc/nios2-elf/5.3.0/../../../../../H-x86_64-mingw32/nios2-elf/lib/mno-hw-mul\libc.a(lib_a-atexit.o)
 .debug_info    0x0000000000004d35      0x8e4 c:/intelfpga_lite/18.1/nios2eds/bin/gnu/h-x86_64-mingw32/bin/../lib/gcc/nios2-elf/5.3.0/../../../../../H-x86_64-mingw32/nios2-elf/lib/mno-hw-mul\libc.a(lib_a-exit.o)
 .debug_info    0x0000000000005619      0x8a1 c:/intelfpga_lite/18.1/nios2eds/bin/gnu/h-x86_64-mingw32/bin/../lib/gcc/nios2-elf/5.3.0/../../../../../H-x86_64-mingw32/nios2-elf/lib/mno-hw-mul\libc.a(lib_a-impure.o)
 .debug_info    0x0000000000005eba       0x8a c:/intelfpga_lite/18.1/nios2eds/bin/gnu/h-x86_64-mingw32/bin/../lib/gcc/nios2-elf/5.3.0/../../../../../H-x86_64-mingw32/nios2-elf/lib/mno-hw-mul\libc.a(lib_a-int_errno.o)
 .debug_info    0x0000000000005f44      0x11a c:/intelfpga_lite/18.1/nios2eds/bin/gnu/h-x86_64-mingw32/bin/../lib/gcc/nios2-elf/5.3.0/../../../../../H-x86_64-mingw32/nios2-elf/lib/mno-hw-mul\libc.a(lib_a-memcmp.o)
 .debug_info    0x000000000000605e      0x144 c:/intelfpga_lite/18.1/nios2eds/bin/gnu/h-x86_64-mingw32/bin/../lib/gcc/nios2-elf/5.3.0/../../../../../H-x86_64-mingw32/nios2-elf/lib/mno-hw-mul\libc.a(lib_a-memcpy.o)
 .debug_info    0x00000000000061a2       0xe2 c:/intelfpga_lite/18.1/nios2eds/bin/gnu/h-x86_64-mingw32/bin/../lib/gcc/nios2-elf/5.3.0/../../../../../H-x86_64-mingw32/nios2-elf/lib/mno-hw-mul\libc.a(lib_a-strlen.o)
 .debug_info    0x0000000000006284      0x934 c:/intelfpga_lite/18.1/nios2eds/bin/gnu/h-x86_64-mingw32/bin/../lib/gcc/nios2-elf/5.3.0/../../../../../H-x86_64-mingw32/nios2-elf/lib/mno-hw-mul\libc.a(lib_a-__atexit.o)
 .debug_info    0x0000000000006bb8      0x965 c:/intelfpga_lite/18.1/nios2eds/bin/gnu/h-x86_64-mingw32/bin/../lib/gcc/nios2-elf/5.3.0/../../../../../H-x86_64-mingw32/nios2-elf/lib/mno-hw-mul\libc.a(lib_a-__call_atexit.o)
 .debug_info    0x000000000000751d       0xb4 c:/intelfpga_lite/18.1/nios2eds/bin/gnu/h-x86_64-mingw32/bin/../lib/gcc/nios2-elf/5.3.0/mno-hw-mul\libgcc.a(lib2-mul.o)
 .debug_info    0x00000000000075d1       0xec ../final_proj_bsp/\libhal_bsp.a(alt_exit.o)

.debug_abbrev   0x0000000000000000     0x2a09
 *(.debug_abbrev)
 .debug_abbrev  0x0000000000000000       0x12 ../final_proj_bsp//obj/HAL/src/crt0.o
 .debug_abbrev  0x0000000000000012       0x9f ../final_proj_bsp/\libhal_bsp.a(alt_load.o)
 .debug_abbrev  0x00000000000000b1       0xba ../final_proj_bsp/\libhal_bsp.a(alt_main.o)
 .debug_abbrev  0x000000000000016b      0x187 ../final_proj_bsp/\libhal_bsp.a(alt_sys_init.o)
 .debug_abbrev  0x00000000000002f2      0x127 ../final_proj_bsp/\libhal_bsp.a(altera_avalon_jtag_uart_fd.o)
 .debug_abbrev  0x0000000000000419      0x19e ../final_proj_bsp/\libhal_bsp.a(altera_avalon_jtag_uart_init.o)
 .debug_abbrev  0x00000000000005b7      0x111 ../final_proj_bsp/\libhal_bsp.a(altera_avalon_jtag_uart_ioctl.o)
 .debug_abbrev  0x00000000000006c8      0x1aa ../final_proj_bsp/\libhal_bsp.a(altera_avalon_jtag_uart_read.o)
 .debug_abbrev  0x0000000000000872      0x1a8 ../final_proj_bsp/\libhal_bsp.a(altera_avalon_jtag_uart_write.o)
 .debug_abbrev  0x0000000000000a1a      0x155 ../final_proj_bsp/\libhal_bsp.a(altera_avalon_timer_sc.o)
 .debug_abbrev  0x0000000000000b6f      0x162 ../final_proj_bsp/\libhal_bsp.a(alt_alarm_start.o)
 .debug_abbrev  0x0000000000000cd1      0x11f ../final_proj_bsp/\libhal_bsp.a(alt_close.o)
 .debug_abbrev  0x0000000000000df0       0x42 ../final_proj_bsp/\libhal_bsp.a(alt_dcache_flush_all.o)
 .debug_abbrev  0x0000000000000e32       0xd9 ../final_proj_bsp/\libhal_bsp.a(alt_dev.o)
 .debug_abbrev  0x0000000000000f0b      0x114 ../final_proj_bsp/\libhal_bsp.a(alt_dev_llist_insert.o)
 .debug_abbrev  0x000000000000101f       0x79 ../final_proj_bsp/\libhal_bsp.a(alt_do_ctors.o)
 .debug_abbrev  0x0000000000001098       0x79 ../final_proj_bsp/\libhal_bsp.a(alt_do_dtors.o)
 .debug_abbrev  0x0000000000001111       0x5a ../final_proj_bsp/\libhal_bsp.a(alt_errno.o)
 .debug_abbrev  0x000000000000116b       0x42 ../final_proj_bsp/\libhal_bsp.a(alt_icache_flush_all.o)
 .debug_abbrev  0x00000000000011ad      0x163 ../final_proj_bsp/\libhal_bsp.a(alt_iic.o)
 .debug_abbrev  0x0000000000001310      0x169 ../final_proj_bsp/\libhal_bsp.a(alt_iic_isr_register.o)
 .debug_abbrev  0x0000000000001479      0x114 ../final_proj_bsp/\libhal_bsp.a(alt_io_redirect.o)
 .debug_abbrev  0x000000000000158d       0x12 ../final_proj_bsp/\libhal_bsp.a(alt_irq_entry.o)
 .debug_abbrev  0x000000000000159f      0x122 ../final_proj_bsp/\libhal_bsp.a(alt_irq_handler.o)
 .debug_abbrev  0x00000000000016c1       0x40 ../final_proj_bsp/\libhal_bsp.a(alt_irq_vars.o)
 .debug_abbrev  0x0000000000001701      0x148 ../final_proj_bsp/\libhal_bsp.a(alt_open.o)
 .debug_abbrev  0x0000000000001849       0xde ../final_proj_bsp/\libhal_bsp.a(alt_release_fd.o)
 .debug_abbrev  0x0000000000001927      0x15a ../final_proj_bsp/\libhal_bsp.a(alt_tick.o)
 .debug_abbrev  0x0000000000001a81       0x42 ../final_proj_bsp/\libhal_bsp.a(altera_nios2_gen2_irq.o)
 .debug_abbrev  0x0000000000001ac3       0x12 ../final_proj_bsp/\libhal_bsp.a(alt_exception_entry.o)
 .debug_abbrev  0x0000000000001ad5       0xf0 ../final_proj_bsp/\libhal_bsp.a(alt_find_dev.o)
 .debug_abbrev  0x0000000000001bc5       0xf0 ../final_proj_bsp/\libhal_bsp.a(alt_find_file.o)
 .debug_abbrev  0x0000000000001cb5      0x10d ../final_proj_bsp/\libhal_bsp.a(alt_get_fd.o)
 .debug_abbrev  0x0000000000001dc2       0xdc ../final_proj_bsp/\libhal_bsp.a(alt_instruction_exception_entry.o)
 .debug_abbrev  0x0000000000001e9e       0xaa c:/intelfpga_lite/18.1/nios2eds/bin/gnu/h-x86_64-mingw32/bin/../lib/gcc/nios2-elf/5.3.0/../../../../../H-x86_64-mingw32/nios2-elf/lib/mno-hw-mul\libc.a(lib_a-atexit.o)
 .debug_abbrev  0x0000000000001f48      0x1e5 c:/intelfpga_lite/18.1/nios2eds/bin/gnu/h-x86_64-mingw32/bin/../lib/gcc/nios2-elf/5.3.0/../../../../../H-x86_64-mingw32/nios2-elf/lib/mno-hw-mul\libc.a(lib_a-exit.o)
 .debug_abbrev  0x000000000000212d      0x18f c:/intelfpga_lite/18.1/nios2eds/bin/gnu/h-x86_64-mingw32/bin/../lib/gcc/nios2-elf/5.3.0/../../../../../H-x86_64-mingw32/nios2-elf/lib/mno-hw-mul\libc.a(lib_a-impure.o)
 .debug_abbrev  0x00000000000022bc       0x37 c:/intelfpga_lite/18.1/nios2eds/bin/gnu/h-x86_64-mingw32/bin/../lib/gcc/nios2-elf/5.3.0/../../../../../H-x86_64-mingw32/nios2-elf/lib/mno-hw-mul\libc.a(lib_a-int_errno.o)
 .debug_abbrev  0x00000000000022f3       0x7f c:/intelfpga_lite/18.1/nios2eds/bin/gnu/h-x86_64-mingw32/bin/../lib/gcc/nios2-elf/5.3.0/../../../../../H-x86_64-mingw32/nios2-elf/lib/mno-hw-mul\libc.a(lib_a-memcmp.o)
 .debug_abbrev  0x0000000000002372       0xa3 c:/intelfpga_lite/18.1/nios2eds/bin/gnu/h-x86_64-mingw32/bin/../lib/gcc/nios2-elf/5.3.0/../../../../../H-x86_64-mingw32/nios2-elf/lib/mno-hw-mul\libc.a(lib_a-memcpy.o)
 .debug_abbrev  0x0000000000002415       0x90 c:/intelfpga_lite/18.1/nios2eds/bin/gnu/h-x86_64-mingw32/bin/../lib/gcc/nios2-elf/5.3.0/../../../../../H-x86_64-mingw32/nios2-elf/lib/mno-hw-mul\libc.a(lib_a-strlen.o)
 .debug_abbrev  0x00000000000024a5      0x21e c:/intelfpga_lite/18.1/nios2eds/bin/gnu/h-x86_64-mingw32/bin/../lib/gcc/nios2-elf/5.3.0/../../../../../H-x86_64-mingw32/nios2-elf/lib/mno-hw-mul\libc.a(lib_a-__atexit.o)
 .debug_abbrev  0x00000000000026c3      0x22e c:/intelfpga_lite/18.1/nios2eds/bin/gnu/h-x86_64-mingw32/bin/../lib/gcc/nios2-elf/5.3.0/../../../../../H-x86_64-mingw32/nios2-elf/lib/mno-hw-mul\libc.a(lib_a-__call_atexit.o)
 .debug_abbrev  0x00000000000028f1       0x6f c:/intelfpga_lite/18.1/nios2eds/bin/gnu/h-x86_64-mingw32/bin/../lib/gcc/nios2-elf/5.3.0/mno-hw-mul\libgcc.a(lib2-mul.o)
 .debug_abbrev  0x0000000000002960       0xa9 ../final_proj_bsp/\libhal_bsp.a(alt_exit.o)

.debug_line     0x0000000000000000     0x2a2d
 *(.debug_line)
 .debug_line    0x0000000000000000       0x66 ../final_proj_bsp//obj/HAL/src/crt0.o
 .debug_line    0x0000000000000066       0x8e ../final_proj_bsp/\libhal_bsp.a(alt_load.o)
 .debug_line    0x00000000000000f4       0xa4 ../final_proj_bsp/\libhal_bsp.a(alt_main.o)
 .debug_line    0x0000000000000198      0x153 ../final_proj_bsp/\libhal_bsp.a(alt_sys_init.o)
 .debug_line    0x00000000000002eb      0x12f ../final_proj_bsp/\libhal_bsp.a(altera_avalon_jtag_uart_fd.o)
 .debug_line    0x000000000000041a      0x18b ../final_proj_bsp/\libhal_bsp.a(altera_avalon_jtag_uart_init.o)
 .debug_line    0x00000000000005a5      0x131 ../final_proj_bsp/\libhal_bsp.a(altera_avalon_jtag_uart_ioctl.o)
 .debug_line    0x00000000000006d6      0x171 ../final_proj_bsp/\libhal_bsp.a(altera_avalon_jtag_uart_read.o)
 .debug_line    0x0000000000000847      0x170 ../final_proj_bsp/\libhal_bsp.a(altera_avalon_jtag_uart_write.o)
 .debug_line    0x00000000000009b7       0xfd ../final_proj_bsp/\libhal_bsp.a(altera_avalon_timer_sc.o)
 .debug_line    0x0000000000000ab4       0xf9 ../final_proj_bsp/\libhal_bsp.a(alt_alarm_start.o)
 .debug_line    0x0000000000000bad      0x165 ../final_proj_bsp/\libhal_bsp.a(alt_close.o)
 .debug_line    0x0000000000000d12       0x51 ../final_proj_bsp/\libhal_bsp.a(alt_dcache_flush_all.o)
 .debug_line    0x0000000000000d63       0xf8 ../final_proj_bsp/\libhal_bsp.a(alt_dev.o)
 .debug_line    0x0000000000000e5b       0xcf ../final_proj_bsp/\libhal_bsp.a(alt_dev_llist_insert.o)
 .debug_line    0x0000000000000f2a       0x59 ../final_proj_bsp/\libhal_bsp.a(alt_do_ctors.o)
 .debug_line    0x0000000000000f83       0x59 ../final_proj_bsp/\libhal_bsp.a(alt_do_dtors.o)
 .debug_line    0x0000000000000fdc       0x51 ../final_proj_bsp/\libhal_bsp.a(alt_errno.o)
 .debug_line    0x000000000000102d       0x4f ../final_proj_bsp/\libhal_bsp.a(alt_icache_flush_all.o)
 .debug_line    0x000000000000107c       0xeb ../final_proj_bsp/\libhal_bsp.a(alt_iic.o)
 .debug_line    0x0000000000001167       0xdb ../final_proj_bsp/\libhal_bsp.a(alt_iic_isr_register.o)
 .debug_line    0x0000000000001242      0x135 ../final_proj_bsp/\libhal_bsp.a(alt_io_redirect.o)
 .debug_line    0x0000000000001377       0x6b ../final_proj_bsp/\libhal_bsp.a(alt_irq_entry.o)
 .debug_line    0x00000000000013e2       0xaa ../final_proj_bsp/\libhal_bsp.a(alt_irq_handler.o)
 .debug_line    0x000000000000148c       0x50 ../final_proj_bsp/\libhal_bsp.a(alt_irq_vars.o)
 .debug_line    0x00000000000014dc      0x12b ../final_proj_bsp/\libhal_bsp.a(alt_open.o)
 .debug_line    0x0000000000001607       0xb0 ../final_proj_bsp/\libhal_bsp.a(alt_release_fd.o)
 .debug_line    0x00000000000016b7       0xff ../final_proj_bsp/\libhal_bsp.a(alt_tick.o)
 .debug_line    0x00000000000017b6       0x51 ../final_proj_bsp/\libhal_bsp.a(altera_nios2_gen2_irq.o)
 .debug_line    0x0000000000001807       0xb3 ../final_proj_bsp/\libhal_bsp.a(alt_exception_entry.o)
 .debug_line    0x00000000000018ba       0xb5 ../final_proj_bsp/\libhal_bsp.a(alt_find_dev.o)
 .debug_line    0x000000000000196f       0xd1 ../final_proj_bsp/\libhal_bsp.a(alt_find_file.o)
 .debug_line    0x0000000000001a40       0xd7 ../final_proj_bsp/\libhal_bsp.a(alt_get_fd.o)
 .debug_line    0x0000000000001b17       0xb9 ../final_proj_bsp/\libhal_bsp.a(alt_instruction_exception_entry.o)
 .debug_line    0x0000000000001bd0       0xe7 c:/intelfpga_lite/18.1/nios2eds/bin/gnu/h-x86_64-mingw32/bin/../lib/gcc/nios2-elf/5.3.0/../../../../../H-x86_64-mingw32/nios2-elf/lib/mno-hw-mul\libc.a(lib_a-atexit.o)
 .debug_line    0x0000000000001cb7      0x1fc c:/intelfpga_lite/18.1/nios2eds/bin/gnu/h-x86_64-mingw32/bin/../lib/gcc/nios2-elf/5.3.0/../../../../../H-x86_64-mingw32/nios2-elf/lib/mno-hw-mul\libc.a(lib_a-exit.o)
 .debug_line    0x0000000000001eb3      0x160 c:/intelfpga_lite/18.1/nios2eds/bin/gnu/h-x86_64-mingw32/bin/../lib/gcc/nios2-elf/5.3.0/../../../../../H-x86_64-mingw32/nios2-elf/lib/mno-hw-mul\libc.a(lib_a-impure.o)
 .debug_line    0x0000000000002013       0x5f c:/intelfpga_lite/18.1/nios2eds/bin/gnu/h-x86_64-mingw32/bin/../lib/gcc/nios2-elf/5.3.0/../../../../../H-x86_64-mingw32/nios2-elf/lib/mno-hw-mul\libc.a(lib_a-int_errno.o)
 .debug_line    0x0000000000002072      0x176 c:/intelfpga_lite/18.1/nios2eds/bin/gnu/h-x86_64-mingw32/bin/../lib/gcc/nios2-elf/5.3.0/../../../../../H-x86_64-mingw32/nios2-elf/lib/mno-hw-mul\libc.a(lib_a-memcmp.o)
 .debug_line    0x00000000000021e8      0x18c c:/intelfpga_lite/18.1/nios2eds/bin/gnu/h-x86_64-mingw32/bin/../lib/gcc/nios2-elf/5.3.0/../../../../../H-x86_64-mingw32/nios2-elf/lib/mno-hw-mul\libc.a(lib_a-memcpy.o)
 .debug_line    0x0000000000002374      0x16f c:/intelfpga_lite/18.1/nios2eds/bin/gnu/h-x86_64-mingw32/bin/../lib/gcc/nios2-elf/5.3.0/../../../../../H-x86_64-mingw32/nios2-elf/lib/mno-hw-mul\libc.a(lib_a-strlen.o)
 .debug_line    0x00000000000024e3      0x21f c:/intelfpga_lite/18.1/nios2eds/bin/gnu/h-x86_64-mingw32/bin/../lib/gcc/nios2-elf/5.3.0/../../../../../H-x86_64-mingw32/nios2-elf/lib/mno-hw-mul\libc.a(lib_a-__atexit.o)
 .debug_line    0x0000000000002702      0x23a c:/intelfpga_lite/18.1/nios2eds/bin/gnu/h-x86_64-mingw32/bin/../lib/gcc/nios2-elf/5.3.0/../../../../../H-x86_64-mingw32/nios2-elf/lib/mno-hw-mul\libc.a(lib_a-__call_atexit.o)
 .debug_line    0x000000000000293c       0x80 c:/intelfpga_lite/18.1/nios2eds/bin/gnu/h-x86_64-mingw32/bin/../lib/gcc/nios2-elf/5.3.0/mno-hw-mul\libgcc.a(lib2-mul.o)
 .debug_line    0x00000000000029bc       0x71 ../final_proj_bsp/\libhal_bsp.a(alt_exit.o)

.debug_frame    0x0000000000000000      0xad8
 *(.debug_frame)
 .debug_frame   0x0000000000000000       0x5c ../final_proj_bsp/\libhal_bsp.a(alt_load.o)
 .debug_frame   0x000000000000005c       0x2c ../final_proj_bsp/\libhal_bsp.a(alt_main.o)
 .debug_frame   0x0000000000000088       0x88 ../final_proj_bsp/\libhal_bsp.a(alt_sys_init.o)
 .debug_frame   0x0000000000000110       0xb0 ../final_proj_bsp/\libhal_bsp.a(altera_avalon_jtag_uart_fd.o)
 .debug_frame   0x00000000000001c0       0xa4 ../final_proj_bsp/\libhal_bsp.a(altera_avalon_jtag_uart_init.o)
 .debug_frame   0x0000000000000264       0x34 ../final_proj_bsp/\libhal_bsp.a(altera_avalon_jtag_uart_ioctl.o)
 .debug_frame   0x0000000000000298       0x38 ../final_proj_bsp/\libhal_bsp.a(altera_avalon_jtag_uart_read.o)
 .debug_frame   0x00000000000002d0       0x38 ../final_proj_bsp/\libhal_bsp.a(altera_avalon_jtag_uart_write.o)
 .debug_frame   0x0000000000000308       0x60 ../final_proj_bsp/\libhal_bsp.a(altera_avalon_timer_sc.o)
 .debug_frame   0x0000000000000368       0x34 ../final_proj_bsp/\libhal_bsp.a(alt_alarm_start.o)
 .debug_frame   0x000000000000039c       0x60 ../final_proj_bsp/\libhal_bsp.a(alt_close.o)
 .debug_frame   0x00000000000003fc       0x34 ../final_proj_bsp/\libhal_bsp.a(alt_dcache_flush_all.o)
 .debug_frame   0x0000000000000430       0x34 ../final_proj_bsp/\libhal_bsp.a(alt_dev.o)
 .debug_frame   0x0000000000000464       0x60 ../final_proj_bsp/\libhal_bsp.a(alt_dev_llist_insert.o)
 .debug_frame   0x00000000000004c4       0x38 ../final_proj_bsp/\libhal_bsp.a(alt_do_ctors.o)
 .debug_frame   0x00000000000004fc       0x38 ../final_proj_bsp/\libhal_bsp.a(alt_do_dtors.o)
 .debug_frame   0x0000000000000534       0x34 ../final_proj_bsp/\libhal_bsp.a(alt_icache_flush_all.o)
 .debug_frame   0x0000000000000568       0xa4 ../final_proj_bsp/\libhal_bsp.a(alt_iic.o)
 .debug_frame   0x000000000000060c       0x38 ../final_proj_bsp/\libhal_bsp.a(alt_iic_isr_register.o)
 .debug_frame   0x0000000000000644       0x64 ../final_proj_bsp/\libhal_bsp.a(alt_io_redirect.o)
 .debug_frame   0x00000000000006a8       0x38 ../final_proj_bsp/\libhal_bsp.a(alt_irq_handler.o)
 .debug_frame   0x00000000000006e0       0x8c ../final_proj_bsp/\libhal_bsp.a(alt_open.o)
 .debug_frame   0x000000000000076c       0x3c ../final_proj_bsp/\libhal_bsp.a(alt_release_fd.o)
 .debug_frame   0x00000000000007a8       0x5c ../final_proj_bsp/\libhal_bsp.a(alt_tick.o)
 .debug_frame   0x0000000000000804       0x34 ../final_proj_bsp/\libhal_bsp.a(altera_nios2_gen2_irq.o)
 .debug_frame   0x0000000000000838       0x38 ../final_proj_bsp/\libhal_bsp.a(alt_find_dev.o)
 .debug_frame   0x0000000000000870       0x38 ../final_proj_bsp/\libhal_bsp.a(alt_find_file.o)
 .debug_frame   0x00000000000008a8       0x3c ../final_proj_bsp/\libhal_bsp.a(alt_get_fd.o)
 .debug_frame   0x00000000000008e4       0x5c ../final_proj_bsp/\libhal_bsp.a(alt_instruction_exception_entry.o)
 .debug_frame   0x0000000000000940       0x20 c:/intelfpga_lite/18.1/nios2eds/bin/gnu/h-x86_64-mingw32/bin/../lib/gcc/nios2-elf/5.3.0/../../../../../H-x86_64-mingw32/nios2-elf/lib/mno-hw-mul\libc.a(lib_a-atexit.o)
 .debug_frame   0x0000000000000960       0x28 c:/intelfpga_lite/18.1/nios2eds/bin/gnu/h-x86_64-mingw32/bin/../lib/gcc/nios2-elf/5.3.0/../../../../../H-x86_64-mingw32/nios2-elf/lib/mno-hw-mul\libc.a(lib_a-exit.o)
 .debug_frame   0x0000000000000988       0x20 c:/intelfpga_lite/18.1/nios2eds/bin/gnu/h-x86_64-mingw32/bin/../lib/gcc/nios2-elf/5.3.0/../../../../../H-x86_64-mingw32/nios2-elf/lib/mno-hw-mul\libc.a(lib_a-memcmp.o)
 .debug_frame   0x00000000000009a8       0x38 c:/intelfpga_lite/18.1/nios2eds/bin/gnu/h-x86_64-mingw32/bin/../lib/gcc/nios2-elf/5.3.0/../../../../../H-x86_64-mingw32/nios2-elf/lib/mno-hw-mul\libc.a(lib_a-memcpy.o)
 .debug_frame   0x00000000000009e0       0x20 c:/intelfpga_lite/18.1/nios2eds/bin/gnu/h-x86_64-mingw32/bin/../lib/gcc/nios2-elf/5.3.0/../../../../../H-x86_64-mingw32/nios2-elf/lib/mno-hw-mul\libc.a(lib_a-strlen.o)
 .debug_frame   0x0000000000000a00       0x38 c:/intelfpga_lite/18.1/nios2eds/bin/gnu/h-x86_64-mingw32/bin/../lib/gcc/nios2-elf/5.3.0/../../../../../H-x86_64-mingw32/nios2-elf/lib/mno-hw-mul\libc.a(lib_a-__atexit.o)
 .debug_frame   0x0000000000000a38       0x54 c:/intelfpga_lite/18.1/nios2eds/bin/gnu/h-x86_64-mingw32/bin/../lib/gcc/nios2-elf/5.3.0/../../../../../H-x86_64-mingw32/nios2-elf/lib/mno-hw-mul\libc.a(lib_a-__call_atexit.o)
 .debug_frame   0x0000000000000a8c       0x20 c:/intelfpga_lite/18.1/nios2eds/bin/gnu/h-x86_64-mingw32/bin/../lib/gcc/nios2-elf/5.3.0/mno-hw-mul\libgcc.a(lib2-mul.o)
 .debug_frame   0x0000000000000aac       0x2c ../final_proj_bsp/\libhal_bsp.a(alt_exit.o)

.debug_str      0x0000000000000000     0x1bc6
 *(.debug_str)
 .debug_str     0x0000000000000000      0x1ed ../final_proj_bsp/\libhal_bsp.a(alt_load.o)
                                        0x226 (size before relaxing)
 .debug_str     0x00000000000001ed       0x70 ../final_proj_bsp/\libhal_bsp.a(alt_main.o)
                                        0x1b1 (size before relaxing)
 .debug_str     0x000000000000025d      0x1da ../final_proj_bsp/\libhal_bsp.a(alt_sys_init.o)
                                        0x3a4 (size before relaxing)
 .debug_str     0x0000000000000437       0xb9 ../final_proj_bsp/\libhal_bsp.a(altera_avalon_jtag_uart_fd.o)
                                        0x3b8 (size before relaxing)
 .debug_str     0x00000000000004f0       0xd1 ../final_proj_bsp/\libhal_bsp.a(altera_avalon_jtag_uart_init.o)
                                        0x34c (size before relaxing)
 .debug_str     0x00000000000005c1       0x4a ../final_proj_bsp/\libhal_bsp.a(altera_avalon_jtag_uart_ioctl.o)
                                        0x2a7 (size before relaxing)
 .debug_str     0x000000000000060b       0x7f ../final_proj_bsp/\libhal_bsp.a(altera_avalon_jtag_uart_read.o)
                                        0x2fc (size before relaxing)
 .debug_str     0x000000000000068a       0x4a ../final_proj_bsp/\libhal_bsp.a(altera_avalon_jtag_uart_write.o)
                                        0x2fd (size before relaxing)
 .debug_str     0x00000000000006d4       0x6d ../final_proj_bsp/\libhal_bsp.a(altera_avalon_timer_sc.o)
                                        0x25f (size before relaxing)
 .debug_str     0x0000000000000741       0x59 ../final_proj_bsp/\libhal_bsp.a(alt_alarm_start.o)
                                        0x292 (size before relaxing)
 .debug_str     0x000000000000079a       0x44 ../final_proj_bsp/\libhal_bsp.a(alt_close.o)
                                        0x21f (size before relaxing)
 .debug_str     0x00000000000007de       0x34 ../final_proj_bsp/\libhal_bsp.a(alt_dcache_flush_all.o)
                                        0x169 (size before relaxing)
 .debug_str     0x0000000000000812      0x120 ../final_proj_bsp/\libhal_bsp.a(alt_dev.o)
                                        0x319 (size before relaxing)
 .debug_str     0x0000000000000932       0x34 ../final_proj_bsp/\libhal_bsp.a(alt_dev_llist_insert.o)
                                        0x1e0 (size before relaxing)
 .debug_str     0x0000000000000966       0x48 ../final_proj_bsp/\libhal_bsp.a(alt_do_ctors.o)
                                         0xe4 (size before relaxing)
 .debug_str     0x00000000000009ae       0x4c ../final_proj_bsp/\libhal_bsp.a(alt_do_dtors.o)
                                         0xe3 (size before relaxing)
 .debug_str     0x00000000000009fa       0x14 ../final_proj_bsp/\libhal_bsp.a(alt_errno.o)
                                        0x159 (size before relaxing)
 .debug_str     0x0000000000000a0e       0x34 ../final_proj_bsp/\libhal_bsp.a(alt_icache_flush_all.o)
                                        0x169 (size before relaxing)
 .debug_str     0x0000000000000a42       0xc4 ../final_proj_bsp/\libhal_bsp.a(alt_iic.o)
                                        0x252 (size before relaxing)
 .debug_str     0x0000000000000b06       0x4c ../final_proj_bsp/\libhal_bsp.a(alt_iic_isr_register.o)
                                        0x1fc (size before relaxing)
 .debug_str     0x0000000000000b52       0x56 ../final_proj_bsp/\libhal_bsp.a(alt_io_redirect.o)
                                        0x32a (size before relaxing)
 .debug_str     0x0000000000000ba8       0x3a ../final_proj_bsp/\libhal_bsp.a(alt_irq_handler.o)
                                        0x1ab (size before relaxing)
 .debug_str     0x0000000000000be2       0x17 ../final_proj_bsp/\libhal_bsp.a(alt_irq_vars.o)
                                        0x14e (size before relaxing)
 .debug_str     0x0000000000000bf9       0x2f ../final_proj_bsp/\libhal_bsp.a(alt_open.o)
                                        0x25f (size before relaxing)
 .debug_str     0x0000000000000c28       0x28 ../final_proj_bsp/\libhal_bsp.a(alt_release_fd.o)
                                        0x1e7 (size before relaxing)
 .debug_str     0x0000000000000c50       0x4a ../final_proj_bsp/\libhal_bsp.a(alt_tick.o)
                                        0x266 (size before relaxing)
 .debug_str     0x0000000000000c9a       0x3b ../final_proj_bsp/\libhal_bsp.a(altera_nios2_gen2_irq.o)
                                        0x170 (size before relaxing)
 .debug_str     0x0000000000000cd5       0x24 ../final_proj_bsp/\libhal_bsp.a(alt_find_dev.o)
                                        0x200 (size before relaxing)
 .debug_str     0x0000000000000cf9       0x26 ../final_proj_bsp/\libhal_bsp.a(alt_find_file.o)
                                        0x20e (size before relaxing)
 .debug_str     0x0000000000000d1f       0x30 ../final_proj_bsp/\libhal_bsp.a(alt_get_fd.o)
                                        0x230 (size before relaxing)
 .debug_str     0x0000000000000d4f      0x48b ../final_proj_bsp/\libhal_bsp.a(alt_instruction_exception_entry.o)
                                        0x5b4 (size before relaxing)
 .debug_str     0x00000000000011da      0x17c c:/intelfpga_lite/18.1/nios2eds/bin/gnu/h-x86_64-mingw32/bin/../lib/gcc/nios2-elf/5.3.0/../../../../../H-x86_64-mingw32/nios2-elf/lib/mno-hw-mul\libc.a(lib_a-atexit.o)
                                        0x221 (size before relaxing)
 .debug_str     0x0000000000001356      0x3af c:/intelfpga_lite/18.1/nios2eds/bin/gnu/h-x86_64-mingw32/bin/../lib/gcc/nios2-elf/5.3.0/../../../../../H-x86_64-mingw32/nios2-elf/lib/mno-hw-mul\libc.a(lib_a-exit.o)
                                        0x5be (size before relaxing)
 .debug_str     0x0000000000001705       0xd6 c:/intelfpga_lite/18.1/nios2eds/bin/gnu/h-x86_64-mingw32/bin/../lib/gcc/nios2-elf/5.3.0/../../../../../H-x86_64-mingw32/nios2-elf/lib/mno-hw-mul\libc.a(lib_a-impure.o)
                                        0x5b5 (size before relaxing)
 .debug_str     0x00000000000017db       0x3f c:/intelfpga_lite/18.1/nios2eds/bin/gnu/h-x86_64-mingw32/bin/../lib/gcc/nios2-elf/5.3.0/../../../../../H-x86_64-mingw32/nios2-elf/lib/mno-hw-mul\libc.a(lib_a-int_errno.o)
                                        0x1dd (size before relaxing)
 .debug_str     0x000000000000181a       0xda c:/intelfpga_lite/18.1/nios2eds/bin/gnu/h-x86_64-mingw32/bin/../lib/gcc/nios2-elf/5.3.0/../../../../../H-x86_64-mingw32/nios2-elf/lib/mno-hw-mul\libc.a(lib_a-memcmp.o)
                                        0x1e4 (size before relaxing)
 .debug_str     0x00000000000018f4       0x6b c:/intelfpga_lite/18.1/nios2eds/bin/gnu/h-x86_64-mingw32/bin/../lib/gcc/nios2-elf/5.3.0/../../../../../H-x86_64-mingw32/nios2-elf/lib/mno-hw-mul\libc.a(lib_a-memcpy.o)
                                        0x20b (size before relaxing)
 .debug_str     0x000000000000195f       0x51 c:/intelfpga_lite/18.1/nios2eds/bin/gnu/h-x86_64-mingw32/bin/../lib/gcc/nios2-elf/5.3.0/../../../../../H-x86_64-mingw32/nios2-elf/lib/mno-hw-mul\libc.a(lib_a-strlen.o)
                                        0x1f7 (size before relaxing)
 .debug_str     0x00000000000019b0       0x3f c:/intelfpga_lite/18.1/nios2eds/bin/gnu/h-x86_64-mingw32/bin/../lib/gcc/nios2-elf/5.3.0/../../../../../H-x86_64-mingw32/nios2-elf/lib/mno-hw-mul\libc.a(lib_a-__atexit.o)
                                        0x5f6 (size before relaxing)
 .debug_str     0x00000000000019ef       0x65 c:/intelfpga_lite/18.1/nios2eds/bin/gnu/h-x86_64-mingw32/bin/../lib/gcc/nios2-elf/5.3.0/../../../../../H-x86_64-mingw32/nios2-elf/lib/mno-hw-mul\libc.a(lib_a-__call_atexit.o)
                                        0x5e2 (size before relaxing)
 .debug_str     0x0000000000001a54      0x148 c:/intelfpga_lite/18.1/nios2eds/bin/gnu/h-x86_64-mingw32/bin/../lib/gcc/nios2-elf/5.3.0/mno-hw-mul\libgcc.a(lib2-mul.o)
                                        0x193 (size before relaxing)
 .debug_str     0x0000000000001b9c       0x2a ../final_proj_bsp/\libhal_bsp.a(alt_exit.o)
                                        0x165 (size before relaxing)

.debug_loc      0x0000000000000000      0x803
 *(.debug_loc)
 .debug_loc     0x0000000000000000       0x2c c:/intelfpga_lite/18.1/nios2eds/bin/gnu/h-x86_64-mingw32/bin/../lib/gcc/nios2-elf/5.3.0/../../../../../H-x86_64-mingw32/nios2-elf/lib/mno-hw-mul\libc.a(lib_a-atexit.o)
 .debug_loc     0x000000000000002c       0x1e c:/intelfpga_lite/18.1/nios2eds/bin/gnu/h-x86_64-mingw32/bin/../lib/gcc/nios2-elf/5.3.0/../../../../../H-x86_64-mingw32/nios2-elf/lib/mno-hw-mul\libc.a(lib_a-exit.o)
 .debug_loc     0x000000000000004a      0x126 c:/intelfpga_lite/18.1/nios2eds/bin/gnu/h-x86_64-mingw32/bin/../lib/gcc/nios2-elf/5.3.0/../../../../../H-x86_64-mingw32/nios2-elf/lib/mno-hw-mul\libc.a(lib_a-memcmp.o)
 .debug_loc     0x0000000000000170      0x266 c:/intelfpga_lite/18.1/nios2eds/bin/gnu/h-x86_64-mingw32/bin/../lib/gcc/nios2-elf/5.3.0/../../../../../H-x86_64-mingw32/nios2-elf/lib/mno-hw-mul\libc.a(lib_a-memcpy.o)
 .debug_loc     0x00000000000003d6       0x47 c:/intelfpga_lite/18.1/nios2eds/bin/gnu/h-x86_64-mingw32/bin/../lib/gcc/nios2-elf/5.3.0/../../../../../H-x86_64-mingw32/nios2-elf/lib/mno-hw-mul\libc.a(lib_a-strlen.o)
 .debug_loc     0x000000000000041d      0x185 c:/intelfpga_lite/18.1/nios2eds/bin/gnu/h-x86_64-mingw32/bin/../lib/gcc/nios2-elf/5.3.0/../../../../../H-x86_64-mingw32/nios2-elf/lib/mno-hw-mul\libc.a(lib_a-__atexit.o)
 .debug_loc     0x00000000000005a2      0x1ce c:/intelfpga_lite/18.1/nios2eds/bin/gnu/h-x86_64-mingw32/bin/../lib/gcc/nios2-elf/5.3.0/../../../../../H-x86_64-mingw32/nios2-elf/lib/mno-hw-mul\libc.a(lib_a-__call_atexit.o)
 .debug_loc     0x0000000000000770       0x93 c:/intelfpga_lite/18.1/nios2eds/bin/gnu/h-x86_64-mingw32/bin/../lib/gcc/nios2-elf/5.3.0/mno-hw-mul\libgcc.a(lib2-mul.o)

.debug_macinfo
 *(.debug_macinfo)

.debug_weaknames
 *(.debug_weaknames)

.debug_funcnames
 *(.debug_funcnames)

.debug_typenames
 *(.debug_typenames)

.debug_varnames
 *(.debug_varnames)

.debug_alt_sim_info
                0x0000000000000000       0x10
 *(.debug_alt_sim_info)
 .debug_alt_sim_info
                0x0000000000000000       0x10 ../final_proj_bsp//obj/HAL/src/crt0.o
                0x000000000c000000                __alt_data_end = 0xc000000
                0x000000000c000000                PROVIDE (__alt_stack_pointer, __alt_data_end)
                [!provide]                        PROVIDE (__alt_stack_limit, __alt_stack_base)
                [!provide]                        PROVIDE (__alt_heap_start, end)
                [!provide]                        PROVIDE (__alt_heap_limit, 0xc000000)
OUTPUT(final_proj.elf elf32-littlenios2)

.debug_ranges   0x0000000000000000      0x178
 .debug_ranges  0x0000000000000000       0x20 ../final_proj_bsp//obj/HAL/src/crt0.o
 .debug_ranges  0x0000000000000020       0x30 ../final_proj_bsp/\libhal_bsp.a(altera_avalon_jtag_uart_init.o)
 .debug_ranges  0x0000000000000050       0x18 ../final_proj_bsp/\libhal_bsp.a(altera_avalon_jtag_uart_read.o)
 .debug_ranges  0x0000000000000068       0x28 ../final_proj_bsp/\libhal_bsp.a(alt_irq_entry.o)
 .debug_ranges  0x0000000000000090       0x10 ../final_proj_bsp/\libhal_bsp.a(alt_irq_handler.o)
 .debug_ranges  0x00000000000000a0       0x30 ../final_proj_bsp/\libhal_bsp.a(alt_exception_entry.o)
 .debug_ranges  0x00000000000000d0       0x18 ../final_proj_bsp/\libhal_bsp.a(alt_instruction_exception_entry.o)
 .debug_ranges  0x00000000000000e8       0x10 c:/intelfpga_lite/18.1/nios2eds/bin/gnu/h-x86_64-mingw32/bin/../lib/gcc/nios2-elf/5.3.0/../../../../../H-x86_64-mingw32/nios2-elf/lib/mno-hw-mul\libc.a(lib_a-atexit.o)
 .debug_ranges  0x00000000000000f8       0x10 c:/intelfpga_lite/18.1/nios2eds/bin/gnu/h-x86_64-mingw32/bin/../lib/gcc/nios2-elf/5.3.0/../../../../../H-x86_64-mingw32/nios2-elf/lib/mno-hw-mul\libc.a(lib_a-exit.o)
 .debug_ranges  0x0000000000000108       0x10 c:/intelfpga_lite/18.1/nios2eds/bin/gnu/h-x86_64-mingw32/bin/../lib/gcc/nios2-elf/5.3.0/../../../../../H-x86_64-mingw32/nios2-elf/lib/mno-hw-mul\libc.a(lib_a-memcmp.o)
 .debug_ranges  0x0000000000000118       0x10 c:/intelfpga_lite/18.1/nios2eds/bin/gnu/h-x86_64-mingw32/bin/../lib/gcc/nios2-elf/5.3.0/../../../../../H-x86_64-mingw32/nios2-elf/lib/mno-hw-mul\libc.a(lib_a-memcpy.o)
 .debug_ranges  0x0000000000000128       0x10 c:/intelfpga_lite/18.1/nios2eds/bin/gnu/h-x86_64-mingw32/bin/../lib/gcc/nios2-elf/5.3.0/../../../../../H-x86_64-mingw32/nios2-elf/lib/mno-hw-mul\libc.a(lib_a-strlen.o)
 .debug_ranges  0x0000000000000138       0x10 c:/intelfpga_lite/18.1/nios2eds/bin/gnu/h-x86_64-mingw32/bin/../lib/gcc/nios2-elf/5.3.0/../../../../../H-x86_64-mingw32/nios2-elf/lib/mno-hw-mul\libc.a(lib_a-__atexit.o)
 .debug_ranges  0x0000000000000148       0x30 c:/intelfpga_lite/18.1/nios2eds/bin/gnu/h-x86_64-mingw32/bin/../lib/gcc/nios2-elf/5.3.0/../../../../../H-x86_64-mingw32/nios2-elf/lib/mno-hw-mul\libc.a(lib_a-__call_atexit.o)
